[*] Resuming/Loading configs from results folder: ../NN_Results/../NN_Results/NN_Trainning_9_September_2026_01-49PM_Job28304/metadata.json
Global seed set to 42
Current device:      cuda


Configurations:
{
    "model_name": "danny_z",
    "binary_input": true,
    "NN_dataset_folder": "../NN_Datasets_Grad_Dist_40_5_55/",
    "dataset_train_name": [
        "Train_Silveira_SphPore_SAug_DNorm.h5"
    ],
    "dataset_valid_name": [
        "Valid_Silveira_SphPore_SAug_DNorm.h5"
    ],
    "train_range": null,
    "valid_range": null,
    "batch_size": 8,
    "num_workers": 4,
    "num_threads": null,
    "device": "cuda",
    "N_epochs": 2000,
    "partial_epochs": 2000,
    "patience": 200,
    "tolerance": null,
    "learning_rate": 0.0006,
    "earlyStopping_loss": "MSE",
    "backPropagation_loss": "MSE",
    "optimizer": "ADAM",
    "weight_init": null,
    "seed": 42,
    "train_comment": "Teste de multiplos datasets.",
    "NN_results_folder": "../NN_Results/NN_Trainning_9_September_2026_01-49PM_Job28304/",
    "loss_functions": {
        "MSE": {
            "Thresholded": false,
            "obj": "MSELoss()"
        },
        "MSE in Void Space": {
            "Thresholded": true,
            "obj": "Mask_LossFunction(\n  (lossFunction): MSELoss()\n)"
        },
        "Bias Error": {
            "Thresholded": true,
            "obj": "Mask_LossFunction(\n  (lossFunction): MeanBiasError()\n)"
        },
        "Pearson Correlation": {
            "Thresholded": true,
            "obj": "Mask_LossFunction(\n  (lossFunction): PearsonCorr()\n)"
        }
    }
}


../NN_Results/NN_Trainning_9_September_2026_01-49PM_Job28304/
Metadata saved at: ../NN_Results/NN_Trainning_9_September_2026_01-49PM_Job28304/metadata.json
Loading Training Data ... 
Considering 640 samples from ../NN_Datasets_Grad_Dist_40_5_55/Train_Silveira_SphPore_SAug_DNorm.h5.
  - 640 samples considered.
Loading Validation Data ... 
Considering 64 samples from ../NN_Datasets_Grad_Dist_40_5_55/Valid_Silveira_SphPore_SAug_DNorm.h5.
  - 64 samples considered.
Loading Model ... 
Model size: 4.943MB
Model size: 1294781 total parameters
Model size: 1294781 trainable parameters
Model size: 0 frozen parameters

Starting Train on cuda... 

Loading Checkpoint from ../NN_Results/NN_Trainning_9_September_2026_01-49PM_Job28304/train_checkpoint_999...
Resuming from Epoch 1000


Trainning session has started.


Executing epoch 1000 / 2000 (50.0%)
--> Average epoch processing time (seconds):  0.09628
--> Back-Propagated Loss for trainning vs validation data:
Loss Name             Train      | Valid     
----------------------------------------------
MSE                   0.000980   | 0.006462  
MSE in Void Space     0.001397   | 0.009938  
Bias Error            4.214900   | 4.887882  
Pearson Correlation   0.995287   | 0.960555  

Executing epoch 1020 / 2000 (51.0%)
--> Average epoch processing time (seconds):  2.056555
--> Back-Propagated Loss for trainning vs validation data:
Loss Name             Train      | Valid     
----------------------------------------------
MSE                   0.000874   | 0.006591  
MSE in Void Space     0.001223   | 0.009991  
Bias Error            4.139441   | 5.377631  
Pearson Correlation   0.996668   | 0.960537  

Executing epoch 1040 / 2000 (52.0%)
--> Average epoch processing time (seconds):  3.879649
--> Back-Propagated Loss for trainning vs validation data:
Loss Name             Train      | Valid     
----------------------------------------------
MSE                   0.000791   | 0.006583  
MSE in Void Space     0.001107   | 0.010103  
Bias Error            4.121615   | 4.164835  
Pearson Correlation   0.996699   | 0.961226  

Executing epoch 1060 / 2000 (53.0%)
--> Average epoch processing time (seconds):  5.651158
--> Back-Propagated Loss for trainning vs validation data:
Loss Name             Train      | Valid     
----------------------------------------------
MSE                   0.000643   | 0.006432  
MSE in Void Space     0.000848   | 0.009713  
Bias Error            0.511612   | 4.242436  
Pearson Correlation   0.996847   | 0.957186  

Executing epoch 1080 / 2000 (54.0%)
--> Average epoch processing time (seconds):  7.353937
--> Back-Propagated Loss for trainning vs validation data:
Loss Name             Train      | Valid     
----------------------------------------------
MSE                   0.001020   | 0.006796  
MSE in Void Space     0.001461   | 0.010377  
Bias Error            6.339555   | 5.632049  
Pearson Correlation   0.996550   | 0.960276  
Patience of 200 achieved (last update in epoch 889). Resuming training...
Ending Train ... 
Modelo PyTorch e memória associada liberados.
