
================================================================================
Loading Dataset: ../NN_Datasets_Grad_Dist_40_5_55/Test_Oliveira_Leopard_SAug_DNorm.h5 ...
================================================================================
Considering 276 samples from ../NN_Datasets_Grad_Dist_40_5_55/Test_Oliveira_Leopard_SAug_DNorm.h5.
Processing 30 samples into 15 chunks.
Outputs routed to: ../TestSpeedUp_Simulations_120/Test_Oliveira_Leopard_SAug_DNorm

  -> Setting up: Sample_0241 (Chunk 000)
  -> Setting up: Sample_0064 (Chunk 000)
  -> Setting up: Sample_0094 (Chunk 001)
  -> Setting up: Sample_0126 (Chunk 001)
  -> Setting up: Sample_0050 (Chunk 002)
  -> Setting up: Sample_0100 (Chunk 002)
  -> Setting up: Sample_0176 (Chunk 003)
  -> Setting up: Sample_0157 (Chunk 003)
  -> Setting up: Sample_0247 (Chunk 004)
  -> Setting up: Sample_0112 (Chunk 004)
  -> Setting up: Sample_0215 (Chunk 005)
  -> Setting up: Sample_0009 (Chunk 005)
  -> Setting up: Sample_0092 (Chunk 006)
  -> Setting up: Sample_0124 (Chunk 006)
  -> Setting up: Sample_0038 (Chunk 007)
  -> Setting up: Sample_0106 (Chunk 007)
  -> Setting up: Sample_0082 (Chunk 008)
  -> Setting up: Sample_0027 (Chunk 008)
  -> Setting up: Sample_0177 (Chunk 009)
  -> Setting up: Sample_0173 (Chunk 009)
  -> Setting up: Sample_0132 (Chunk 010)
  -> Setting up: Sample_0150 (Chunk 010)
  -> Setting up: Sample_0017 (Chunk 011)
  -> Setting up: Sample_0000 (Chunk 011)
  -> Setting up: Sample_0204 (Chunk 012)
  -> Setting up: Sample_0074 (Chunk 012)
  -> Setting up: Sample_0232 (Chunk 013)
  -> Setting up: Sample_0256 (Chunk 013)
  -> Setting up: Sample_0028 (Chunk 014)
  -> Setting up: Sample_0194 (Chunk 014)
Completed dataset! Master chain script created at: ../TestSpeedUp_Simulations_120/Test_Oliveira_Leopard_SAug_DNorm/submit_all_chained.sh

================================================================================
Loading Dataset: ../NN_Datasets_Grad_Dist_40_5_55/Test_Oliveira_CastleGate_SAug_DNorm.h5 ...
================================================================================
Considering 284 samples from ../NN_Datasets_Grad_Dist_40_5_55/Test_Oliveira_CastleGate_SAug_DNorm.h5.
Processing 30 samples into 15 chunks.
Outputs routed to: ../TestSpeedUp_Simulations_120/Test_Oliveira_CastleGate_SAug_DNorm

  -> Setting up: Sample_0275 (Chunk 000)
  -> Setting up: Sample_0015 (Chunk 000)
  -> Setting up: Sample_0225 (Chunk 001)
  -> Setting up: Sample_0070 (Chunk 001)
  -> Setting up: Sample_0116 (Chunk 002)
  -> Setting up: Sample_0179 (Chunk 002)
  -> Setting up: Sample_0182 (Chunk 003)
  -> Setting up: Sample_0151 (Chunk 003)
  -> Setting up: Sample_0100 (Chunk 004)
  -> Setting up: Sample_0249 (Chunk 004)
  -> Setting up: Sample_0017 (Chunk 005)
  -> Setting up: Sample_0124 (Chunk 005)
  -> Setting up: Sample_0206 (Chunk 006)
  -> Setting up: Sample_0112 (Chunk 006)
  -> Setting up: Sample_0268 (Chunk 007)
  -> Setting up: Sample_0094 (Chunk 007)
  -> Setting up: Sample_0190 (Chunk 008)
  -> Setting up: Sample_0002 (Chunk 008)
  -> Setting up: Sample_0095 (Chunk 009)
  -> Setting up: Sample_0143 (Chunk 009)
  -> Setting up: Sample_0129 (Chunk 010)
  -> Setting up: Sample_0009 (Chunk 010)
  -> Setting up: Sample_0259 (Chunk 011)
  -> Setting up: Sample_0183 (Chunk 011)
  -> Setting up: Sample_0270 (Chunk 012)
  -> Setting up: Sample_0065 (Chunk 012)
  -> Setting up: Sample_0067 (Chunk 013)
  -> Setting up: Sample_0076 (Chunk 013)
  -> Setting up: Sample_0060 (Chunk 014)
  -> Setting up: Sample_0120 (Chunk 014)
Completed dataset! Master chain script created at: ../TestSpeedUp_Simulations_120/Test_Oliveira_CastleGate_SAug_DNorm/submit_all_chained.sh

================================================================================
Loading Dataset: ../NN_Datasets_Grad_Dist_40_5_55/Test_Oliveira_BereaSinterGray_SAug_DNorm.h5 ...
================================================================================
Considering 192 samples from ../NN_Datasets_Grad_Dist_40_5_55/Test_Oliveira_BereaSinterGray_SAug_DNorm.h5.
Processing 30 samples into 15 chunks.
Outputs routed to: ../TestSpeedUp_Simulations_120/Test_Oliveira_BereaSinterGray_SAug_DNorm

  -> Setting up: Sample_0119 (Chunk 000)
  -> Setting up: Sample_0102 (Chunk 000)
  -> Setting up: Sample_0113 (Chunk 001)
  -> Setting up: Sample_0094 (Chunk 001)
  -> Setting up: Sample_0128 (Chunk 002)
  -> Setting up: Sample_0048 (Chunk 002)
  -> Setting up: Sample_0170 (Chunk 003)
  -> Setting up: Sample_0045 (Chunk 003)
  -> Setting up: Sample_0115 (Chunk 004)
  -> Setting up: Sample_0150 (Chunk 004)
  -> Setting up: Sample_0085 (Chunk 005)
  -> Setting up: Sample_0079 (Chunk 005)
  -> Setting up: Sample_0184 (Chunk 006)
  -> Setting up: Sample_0029 (Chunk 006)
  -> Setting up: Sample_0099 (Chunk 007)
  -> Setting up: Sample_0049 (Chunk 007)
  -> Setting up: Sample_0082 (Chunk 008)
  -> Setting up: Sample_0033 (Chunk 008)
  -> Setting up: Sample_0147 (Chunk 009)
  -> Setting up: Sample_0158 (Chunk 009)
  -> Setting up: Sample_0110 (Chunk 010)
  -> Setting up: Sample_0041 (Chunk 010)
  -> Setting up: Sample_0124 (Chunk 011)
  -> Setting up: Sample_0105 (Chunk 011)
  -> Setting up: Sample_0129 (Chunk 012)
  -> Setting up: Sample_0071 (Chunk 012)
  -> Setting up: Sample_0123 (Chunk 013)
  -> Setting up: Sample_0167 (Chunk 013)
  -> Setting up: Sample_0060 (Chunk 014)
  -> Setting up: Sample_0152 (Chunk 014)
Completed dataset! Master chain script created at: ../TestSpeedUp_Simulations_120/Test_Oliveira_BereaSinterGray_SAug_DNorm/submit_all_chained.sh

================================================================================
Loading Dataset: ../NN_Datasets_Grad_Dist_40_5_55/Test_Oliveira_BereaUpperGray_SAug_DNorm.h5 ...
================================================================================
Considering 224 samples from ../NN_Datasets_Grad_Dist_40_5_55/Test_Oliveira_BereaUpperGray_SAug_DNorm.h5.
Processing 30 samples into 15 chunks.
Outputs routed to: ../TestSpeedUp_Simulations_120/Test_Oliveira_BereaUpperGray_SAug_DNorm

  -> Setting up: Sample_0110 (Chunk 000)
  -> Setting up: Sample_0180 (Chunk 000)
  -> Setting up: Sample_0099 (Chunk 001)
  -> Setting up: Sample_0085 (Chunk 001)
  -> Setting up: Sample_0101 (Chunk 002)
  -> Setting up: Sample_0160 (Chunk 002)
  -> Setting up: Sample_0097 (Chunk 003)
  -> Setting up: Sample_0132 (Chunk 003)
  -> Setting up: Sample_0119 (Chunk 004)
  -> Setting up: Sample_0153 (Chunk 004)
  -> Setting up: Sample_0124 (Chunk 005)
  -> Setting up: Sample_0102 (Chunk 005)
  -> Setting up: Sample_0211 (Chunk 006)
  -> Setting up: Sample_0064 (Chunk 006)
  -> Setting up: Sample_0105 (Chunk 007)
  -> Setting up: Sample_0223 (Chunk 007)
  -> Setting up: Sample_0166 (Chunk 008)
  -> Setting up: Sample_0143 (Chunk 008)
  -> Setting up: Sample_0126 (Chunk 009)
  -> Setting up: Sample_0006 (Chunk 009)
  -> Setting up: Sample_0198 (Chunk 010)
  -> Setting up: Sample_0072 (Chunk 010)
  -> Setting up: Sample_0165 (Chunk 011)
  -> Setting up: Sample_0098 (Chunk 011)
  -> Setting up: Sample_0182 (Chunk 012)
  -> Setting up: Sample_0052 (Chunk 012)
  -> Setting up: Sample_0138 (Chunk 013)
  -> Setting up: Sample_0040 (Chunk 013)
  -> Setting up: Sample_0027 (Chunk 014)
  -> Setting up: Sample_0056 (Chunk 014)
Completed dataset! Master chain script created at: ../TestSpeedUp_Simulations_120/Test_Oliveira_BereaUpperGray_SAug_DNorm/submit_all_chained.sh

================================================================================
Loading Dataset: ../NN_Datasets_Grad_Dist_40_5_55/Test_Oliveira_BereaBuff_SAug_DNorm.h5 ...
================================================================================
Considering 208 samples from ../NN_Datasets_Grad_Dist_40_5_55/Test_Oliveira_BereaBuff_SAug_DNorm.h5.
Processing 30 samples into 15 chunks.
Outputs routed to: ../TestSpeedUp_Simulations_120/Test_Oliveira_BereaBuff_SAug_DNorm

  -> Setting up: Sample_0060 (Chunk 000)
  -> Setting up: Sample_0080 (Chunk 000)
  -> Setting up: Sample_0127 (Chunk 001)
  -> Setting up: Sample_0144 (Chunk 001)
  -> Setting up: Sample_0139 (Chunk 002)
  -> Setting up: Sample_0051 (Chunk 002)
  -> Setting up: Sample_0105 (Chunk 003)
  -> Setting up: Sample_0021 (Chunk 003)
  -> Setting up: Sample_0158 (Chunk 004)
  -> Setting up: Sample_0148 (Chunk 004)
  -> Setting up: Sample_0207 (Chunk 005)
  -> Setting up: Sample_0004 (Chunk 005)
  -> Setting up: Sample_0068 (Chunk 006)
  -> Setting up: Sample_0056 (Chunk 006)
  -> Setting up: Sample_0133 (Chunk 007)
  -> Setting up: Sample_0193 (Chunk 007)
  -> Setting up: Sample_0143 (Chunk 008)
  -> Setting up: Sample_0035 (Chunk 008)
  -> Setting up: Sample_0132 (Chunk 009)
  -> Setting up: Sample_0195 (Chunk 009)
  -> Setting up: Sample_0108 (Chunk 010)
  -> Setting up: Sample_0111 (Chunk 010)
  -> Setting up: Sample_0169 (Chunk 011)
  -> Setting up: Sample_0096 (Chunk 011)
  -> Setting up: Sample_0138 (Chunk 012)
  -> Setting up: Sample_0141 (Chunk 012)
  -> Setting up: Sample_0095 (Chunk 013)
  -> Setting up: Sample_0206 (Chunk 013)
  -> Setting up: Sample_0177 (Chunk 014)
  -> Setting up: Sample_0058 (Chunk 014)
Completed dataset! Master chain script created at: ../TestSpeedUp_Simulations_120/Test_Oliveira_BereaBuff_SAug_DNorm/submit_all_chained.sh

================================================================================
Loading Dataset: ../NN_Datasets_Grad_Dist_40_5_55/Test_Oliveira_Berea_SAug_DNorm.h5 ...
================================================================================
Considering 224 samples from ../NN_Datasets_Grad_Dist_40_5_55/Test_Oliveira_Berea_SAug_DNorm.h5.
Processing 30 samples into 15 chunks.
Outputs routed to: ../TestSpeedUp_Simulations_120/Test_Oliveira_Berea_SAug_DNorm

  -> Setting up: Sample_0138 (Chunk 000)
  -> Setting up: Sample_0207 (Chunk 000)
  -> Setting up: Sample_0105 (Chunk 001)
  -> Setting up: Sample_0118 (Chunk 001)
  -> Setting up: Sample_0129 (Chunk 002)
  -> Setting up: Sample_0217 (Chunk 002)
  -> Setting up: Sample_0054 (Chunk 003)
  -> Setting up: Sample_0071 (Chunk 003)
  -> Setting up: Sample_0199 (Chunk 004)
  -> Setting up: Sample_0200 (Chunk 004)
  -> Setting up: Sample_0020 (Chunk 005)
  -> Setting up: Sample_0100 (Chunk 005)
  -> Setting up: Sample_0166 (Chunk 006)
  -> Setting up: Sample_0167 (Chunk 006)
  -> Setting up: Sample_0202 (Chunk 007)
  -> Setting up: Sample_0072 (Chunk 007)
  -> Setting up: Sample_0140 (Chunk 008)
  -> Setting up: Sample_0088 (Chunk 008)
  -> Setting up: Sample_0089 (Chunk 009)
  -> Setting up: Sample_0135 (Chunk 009)
  -> Setting up: Sample_0099 (Chunk 010)
  -> Setting up: Sample_0185 (Chunk 010)
  -> Setting up: Sample_0210 (Chunk 011)
  -> Setting up: Sample_0186 (Chunk 011)
  -> Setting up: Sample_0218 (Chunk 012)
  -> Setting up: Sample_0183 (Chunk 012)
  -> Setting up: Sample_0082 (Chunk 013)
  -> Setting up: Sample_0109 (Chunk 013)
  -> Setting up: Sample_0143 (Chunk 014)
  -> Setting up: Sample_0156 (Chunk 014)
Completed dataset! Master chain script created at: ../TestSpeedUp_Simulations_120/Test_Oliveira_Berea_SAug_DNorm/submit_all_chained.sh

================================================================================
Loading Dataset: ../NN_Datasets_Grad_Dist_40_5_55/Test_Oliveira_Bentheimer_SAug_DNorm.h5 ...
================================================================================
Considering 424 samples from ../NN_Datasets_Grad_Dist_40_5_55/Test_Oliveira_Bentheimer_SAug_DNorm.h5.
Processing 30 samples into 15 chunks.
Outputs routed to: ../TestSpeedUp_Simulations_120/Test_Oliveira_Bentheimer_SAug_DNorm

  -> Setting up: Sample_0275 (Chunk 000)
  -> Setting up: Sample_0060 (Chunk 000)
  -> Setting up: Sample_0252 (Chunk 001)
  -> Setting up: Sample_0332 (Chunk 001)
  -> Setting up: Sample_0149 (Chunk 002)
  -> Setting up: Sample_0003 (Chunk 002)
  -> Setting up: Sample_0006 (Chunk 003)
  -> Setting up: Sample_0276 (Chunk 003)
  -> Setting up: Sample_0027 (Chunk 004)
  -> Setting up: Sample_0197 (Chunk 004)
  -> Setting up: Sample_0191 (Chunk 005)
  -> Setting up: Sample_0049 (Chunk 005)
  -> Setting up: Sample_0105 (Chunk 006)
  -> Setting up: Sample_0188 (Chunk 006)
  -> Setting up: Sample_0059 (Chunk 007)
  -> Setting up: Sample_0139 (Chunk 007)
  -> Setting up: Sample_0100 (Chunk 008)
  -> Setting up: Sample_0351 (Chunk 008)
  -> Setting up: Sample_0322 (Chunk 009)
  -> Setting up: Sample_0263 (Chunk 009)
  -> Setting up: Sample_0223 (Chunk 010)
  -> Setting up: Sample_0141 (Chunk 010)
  -> Setting up: Sample_0324 (Chunk 011)
  -> Setting up: Sample_0159 (Chunk 011)
  -> Setting up: Sample_0091 (Chunk 012)
  -> Setting up: Sample_0224 (Chunk 012)
  -> Setting up: Sample_0356 (Chunk 013)
  -> Setting up: Sample_0201 (Chunk 013)
  -> Setting up: Sample_0391 (Chunk 014)
  -> Setting up: Sample_0155 (Chunk 014)
Completed dataset! Master chain script created at: ../TestSpeedUp_Simulations_120/Test_Oliveira_Bentheimer_SAug_DNorm/submit_all_chained.sh

================================================================================
Loading Dataset: ../NN_Datasets_Grad_Dist_40_5_55/Test_Silveira_SphPore_SAug_DNorm.h5 ...
================================================================================
Considering 128 samples from ../NN_Datasets_Grad_Dist_40_5_55/Test_Silveira_SphPore_SAug_DNorm.h5.
Processing 30 samples into 15 chunks.
Outputs routed to: ../TestSpeedUp_Simulations_120/Test_Silveira_SphPore_SAug_DNorm

  -> Setting up: Sample_0023 (Chunk 000)
  -> Setting up: Sample_0056 (Chunk 000)
  -> Setting up: Sample_0076 (Chunk 001)
  -> Setting up: Sample_0055 (Chunk 001)
  -> Setting up: Sample_0006 (Chunk 002)
  -> Setting up: Sample_0043 (Chunk 002)
  -> Setting up: Sample_0110 (Chunk 003)
  -> Setting up: Sample_0002 (Chunk 003)
  -> Setting up: Sample_0097 (Chunk 004)
  -> Setting up: Sample_0073 (Chunk 004)
  -> Setting up: Sample_0105 (Chunk 005)
  -> Setting up: Sample_0068 (Chunk 005)
  -> Setting up: Sample_0084 (Chunk 006)
  -> Setting up: Sample_0102 (Chunk 006)
  -> Setting up: Sample_0011 (Chunk 007)
  -> Setting up: Sample_0098 (Chunk 007)
  -> Setting up: Sample_0045 (Chunk 008)
  -> Setting up: Sample_0082 (Chunk 008)
  -> Setting up: Sample_0039 (Chunk 009)
  -> Setting up: Sample_0007 (Chunk 009)
  -> Setting up: Sample_0037 (Chunk 010)
  -> Setting up: Sample_0079 (Chunk 010)
  -> Setting up: Sample_0057 (Chunk 011)
  -> Setting up: Sample_0086 (Chunk 011)
  -> Setting up: Sample_0015 (Chunk 012)
  -> Setting up: Sample_0059 (Chunk 012)
  -> Setting up: Sample_0126 (Chunk 013)
  -> Setting up: Sample_0063 (Chunk 013)
  -> Setting up: Sample_0021 (Chunk 014)
  -> Setting up: Sample_0062 (Chunk 014)
Completed dataset! Master chain script created at: ../TestSpeedUp_Simulations_120/Test_Silveira_SphPore_SAug_DNorm/submit_all_chained.sh

================================================================================
Loading Dataset: ../NN_Datasets_Grad_Dist_40_5_55/Test_Silveira_SphGrain_SAug_DNorm.h5 ...
================================================================================
Considering 128 samples from ../NN_Datasets_Grad_Dist_40_5_55/Test_Silveira_SphGrain_SAug_DNorm.h5.
Processing 30 samples into 15 chunks.
Outputs routed to: ../TestSpeedUp_Simulations_120/Test_Silveira_SphGrain_SAug_DNorm

  -> Setting up: Sample_0009 (Chunk 000)
  -> Setting up: Sample_0086 (Chunk 000)
  -> Setting up: Sample_0116 (Chunk 001)
  -> Setting up: Sample_0096 (Chunk 001)
  -> Setting up: Sample_0034 (Chunk 002)
  -> Setting up: Sample_0059 (Chunk 002)
  -> Setting up: Sample_0110 (Chunk 003)
  -> Setting up: Sample_0012 (Chunk 003)
  -> Setting up: Sample_0075 (Chunk 004)
  -> Setting up: Sample_0070 (Chunk 004)
  -> Setting up: Sample_0077 (Chunk 005)
  -> Setting up: Sample_0124 (Chunk 005)
  -> Setting up: Sample_0101 (Chunk 006)
  -> Setting up: Sample_0107 (Chunk 006)
  -> Setting up: Sample_0035 (Chunk 007)
  -> Setting up: Sample_0106 (Chunk 007)
  -> Setting up: Sample_0036 (Chunk 008)
  -> Setting up: Sample_0112 (Chunk 008)
  -> Setting up: Sample_0069 (Chunk 009)
  -> Setting up: Sample_0013 (Chunk 009)
  -> Setting up: Sample_0039 (Chunk 010)
  -> Setting up: Sample_0087 (Chunk 010)
  -> Setting up: Sample_0011 (Chunk 011)
  -> Setting up: Sample_0018 (Chunk 011)
  -> Setting up: Sample_0056 (Chunk 012)
  -> Setting up: Sample_0102 (Chunk 012)
  -> Setting up: Sample_0113 (Chunk 013)
  -> Setting up: Sample_0117 (Chunk 013)
  -> Setting up: Sample_0025 (Chunk 014)
  -> Setting up: Sample_0026 (Chunk 014)
Completed dataset! Master chain script created at: ../TestSpeedUp_Simulations_120/Test_Silveira_SphGrain_SAug_DNorm/submit_all_chained.sh
