[*] Loading configs from standard config file: exp/Etapa_2_DM_SA_DN_javier_z.json
Global seed set to 42
Current device:      cuda


Configurations:
{
    "model_name": "javier_z",
    "binary_input": false,
    "NN_dataset_folder": "../NN_Datasets_Grad_Dist_40_5_55/",
    "dataset_train_name": [
        "Train_Silveira_SphPore_SAug_DNorm.h5",
        "Train_Silveira_SphGrain_SAug_DNorm.h5"
    ],
    "dataset_valid_name": [
        "Valid_Silveira_SphPore_SAug_DNorm.h5",
        "Valid_Silveira_SphGrain_SAug_DNorm.h5"
    ],
    "train_range": null,
    "valid_range": null,
    "batch_size": 8,
    "num_workers": 4,
    "num_threads": null,
    "device": "cuda",
    "N_epochs": 1000,
    "partial_epochs": 1000,
    "patience": 200,
    "tolerance": null,
    "learning_rate": 0.0006,
    "earlyStopping_loss": "MSE",
    "backPropagation_loss": "MSE",
    "optimizer": "ADAM",
    "weight_init": null,
    "seed": 42,
    "train_comment": "Teste de multiplos datasets.",
    "NN_results_folder": "/home/gabriel.silveira/dissertacao/NN_Results/NN_Trainning_9_September_2026_08-30PM_Job28310/"
}


/home/gabriel.silveira/dissertacao/NN_Results/NN_Trainning_9_September_2026_08-30PM_Job28310/
Metadata saved at: /home/gabriel.silveira/dissertacao/NN_Results/NN_Trainning_9_September_2026_08-30PM_Job28310/metadata.json
Loading Training Data ... 
Considering 640 samples from ../NN_Datasets_Grad_Dist_40_5_55/Train_Silveira_SphPore_SAug_DNorm.h5.
Considering 640 samples from ../NN_Datasets_Grad_Dist_40_5_55/Train_Silveira_SphGrain_SAug_DNorm.h5.
  - 1280 samples considered.
Loading Validation Data ... 
Considering 64 samples from ../NN_Datasets_Grad_Dist_40_5_55/Valid_Silveira_SphPore_SAug_DNorm.h5.
Considering 64 samples from ../NN_Datasets_Grad_Dist_40_5_55/Valid_Silveira_SphGrain_SAug_DNorm.h5.
  - 128 samples considered.
Loading Model ... 
Number of Filters:  [128, 32, 8, 2]
Number of Filters:  [128, 32, 8, 2]
Number of Filters:  [128, 32, 8, 2]
Number of Filters:  [128, 32, 8, 2]
Model size: 7.226MB
Model size: 1894156 total parameters
Model size: 1894156 trainable parameters
Model size: 0 frozen parameters

Starting Train on cuda... 

No previous checkpoints found in /home/gabriel.silveira/dissertacao/NN_Results/NN_Trainning_9_September_2026_08-30PM_Job28310/


Trainning session has started.

--> New best solution for Validation dataset achieved at 0 / 1000: 6030.489906311035 (100.000000% better)

Executing epoch 0 / 1000 (0.0%)
--> Average epoch processing time (seconds):  77.184662
--> Back-Propagated Loss for trainning vs validation data:
Loss Name             Train      | Valid     
----------------------------------------------
MSE                   63842.809678 | 6030.489906
MSE in Void Space     12.258173  | 11.393264 
Bias Error            114.040364 | 114.755309
Pearson Correlation   -0.114689  | -0.121338 
/home/gabriel.silveira/.local/lib/python3.9/site-packages/matplotlib/transforms.py:2670: RuntimeWarning: divide by zero encountered in scalar divide
  y_scale = 1.0 / inh
Traceback (most recent call last):
  File "/home/gabriel.silveira/dissertacao/CNN_SinglePhase/main_Train_subModel.py", line 308, in <module>
    nnt.partial_train(
  File "/home/gabriel.silveira/dissertacao/CNN_SinglePhase/Utilities/nn_trainner.py", line 224, in partial_train
    Plot_LossHistory(train_costs_h, val_costs_h, output_path=f"{results_folder}LossHistory.png")
  File "/home/gabriel.silveira/dissertacao/CNN_SinglePhase/Utilities/nn_trainner.py", line 832, in Plot_LossHistory
    plt.tight_layout(pad=2.0)
  File "/home/gabriel.silveira/.local/lib/python3.9/site-packages/matplotlib/pyplot.py", line 2801, in tight_layout
    gcf().tight_layout(pad=pad, h_pad=h_pad, w_pad=w_pad, rect=rect)
  File "/home/gabriel.silveira/.local/lib/python3.9/site-packages/matplotlib/figure.py", line 3545, in tight_layout
    engine.execute(self)
  File "/home/gabriel.silveira/.local/lib/python3.9/site-packages/matplotlib/layout_engine.py", line 183, in execute
    kwargs = get_tight_layout_figure(
  File "/home/gabriel.silveira/.local/lib/python3.9/site-packages/matplotlib/_tight_layout.py", line 266, in get_tight_layout_figure
    kwargs = _auto_adjust_subplotpars(fig, renderer,
  File "/home/gabriel.silveira/.local/lib/python3.9/site-packages/matplotlib/_tight_layout.py", line 82, in _auto_adjust_subplotpars
    bb += [martist._get_tightbbox_for_layout_only(ax, renderer)]
  File "/home/gabriel.silveira/.local/lib/python3.9/site-packages/matplotlib/artist.py", line 1410, in _get_tightbbox_for_layout_only
    return obj.get_tightbbox(*args, **{**kwargs, "for_layout_only": True})
  File "/home/gabriel.silveira/.local/lib/python3.9/site-packages/matplotlib/_api/deprecation.py", line 457, in wrapper
    return func(*args, **kwargs)
  File "/home/gabriel.silveira/.local/lib/python3.9/site-packages/matplotlib/axes/_base.py", line 4476, in get_tightbbox
    ba = martist._get_tightbbox_for_layout_only(axis, renderer)
  File "/home/gabriel.silveira/.local/lib/python3.9/site-packages/matplotlib/artist.py", line 1410, in _get_tightbbox_for_layout_only
    return obj.get_tightbbox(*args, **{**kwargs, "for_layout_only": True})
  File "/home/gabriel.silveira/.local/lib/python3.9/site-packages/matplotlib/axis.py", line 1370, in get_tightbbox
    ticks_to_draw = self._update_ticks()
  File "/home/gabriel.silveira/.local/lib/python3.9/site-packages/matplotlib/axis.py", line 1300, in _update_ticks
    major_locs = self.get_majorticklocs()
  File "/home/gabriel.silveira/.local/lib/python3.9/site-packages/matplotlib/axis.py", line 1531, in get_majorticklocs
    return self.major.locator()
  File "/home/gabriel.silveira/.local/lib/python3.9/site-packages/matplotlib/ticker.py", line 2350, in __call__
    return self.tick_values(vmin, vmax)
  File "/home/gabriel.silveira/.local/lib/python3.9/site-packages/matplotlib/ticker.py", line 2367, in tick_values
    raise ValueError(
ValueError: Data has no positive values, and therefore cannot be log-scaled.
