Initializing Neural Network Models...
Total Samples: 27 | Dividing into 27 chunks (~1 samples/job).
-> Setting up sample: Sample_00000 (Chunk 000)
  -> Calculating pressure drop
  -> Creating prediction
-> Setting up sample: Sample_00001 (Chunk 001)
  -> Calculating pressure drop
  -> Creating prediction
-> Setting up sample: Sample_00002 (Chunk 002)
  -> Calculating pressure drop
  -> Creating prediction
-> Setting up sample: Sample_00003 (Chunk 003)
  -> Calculating pressure drop
  -> Creating prediction
-> Setting up sample: Sample_00004 (Chunk 004)
  -> Calculating pressure drop
  -> Creating prediction
-> Setting up sample: Sample_00005 (Chunk 005)
  -> Calculating pressure drop
  -> Creating prediction
-> Setting up sample: Sample_00006 (Chunk 006)
  -> Calculating pressure drop
  -> Creating prediction
-> Setting up sample: Sample_00007 (Chunk 007)
  -> Calculating pressure drop
  -> Creating prediction
-> Setting up sample: Sample_00008 (Chunk 008)
  -> Calculating pressure drop
  -> Creating prediction
-> Setting up sample: Sample_00009 (Chunk 009)
  -> Calculating pressure drop
  -> Creating prediction
-> Setting up sample: Sample_00010 (Chunk 010)
  -> Calculating pressure drop
  -> Creating prediction
-> Setting up sample: Sample_00011 (Chunk 011)
  -> Calculating pressure drop
  -> Creating prediction
-> Setting up sample: Sample_00012 (Chunk 012)
  -> Calculating pressure drop
  -> Creating prediction
-> Setting up sample: Sample_00013 (Chunk 013)
  -> Calculating pressure drop
  -> Creating prediction
-> Setting up sample: Sample_00014 (Chunk 014)
  -> Calculating pressure drop
  -> Creating prediction
-> Setting up sample: Sample_00015 (Chunk 015)
  -> Calculating pressure drop
  -> Creating prediction
-> Setting up sample: Sample_00016 (Chunk 016)
  -> Calculating pressure drop
  -> Creating prediction
-> Setting up sample: Sample_00017 (Chunk 017)
  -> Calculating pressure drop
  -> Creating prediction
-> Setting up sample: Sample_00018 (Chunk 018)
  -> Calculating pressure drop
  -> Creating prediction
-> Setting up sample: Sample_00019 (Chunk 019)
  -> Calculating pressure drop
  -> Creating prediction
-> Setting up sample: Sample_00020 (Chunk 020)
  -> Calculating pressure drop
  -> Creating prediction
-> Setting up sample: Sample_00021 (Chunk 021)
  -> Calculating pressure drop
  -> Creating prediction
-> Setting up sample: Sample_00022 (Chunk 022)
  -> Calculating pressure drop
  -> Creating prediction
-> Setting up sample: Sample_00023 (Chunk 023)
  -> Calculating pressure drop
  -> Creating prediction
-> Setting up sample: Sample_00024 (Chunk 024)
  -> Calculating pressure drop
  -> Creating prediction
-> Setting up sample: Sample_00025 (Chunk 025)
  -> Calculating pressure drop
  -> Creating prediction
-> Setting up sample: Sample_00026 (Chunk 026)
  -> Calculating pressure drop
  -> Creating prediction
Setup complete! Master submission script ready at: ../TestSpeedUp_Simulations_BiggerCrops/IC_Doddington_256_256_256/submit_all_jobs.sh
