[*] Loading configs from standard config file: exp/Etapa_3_DM_SA_DN_danny_x.json
Global seed set to 42
Current device:      cuda


Configurations:
{
    "model_name": "danny_x",
    "binary_input": true,
    "NN_dataset_folder": "../NN_Datasets_Grad/",
    "dataset_train_name": [
        "Train_Silveira_SphPore_SAug_DNorm.h5",
        "Train_Silveira_SphGrain_SAug_DNorm.h5",
        "Train_Oliveira_Leopard_SAug_DNorm.h5",
        "Train_Oliveira_CastleGate_SAug_DNorm.h5",
        "Train_Oliveira_BereaUpperGray_SAug_DNorm.h5",
        "Train_Oliveira_BereaSinterGray_SAug_DNorm.h5",
        "Train_Oliveira_BereaBuff_SAug_DNorm.h5",
        "Train_Oliveira_Berea_SAug_DNorm.h5",
        "Train_Oliveira_Bentheimer_SAug_DNorm.h5"
    ],
    "dataset_valid_name": [
        "Valid_Silveira_SphPore_SAug_DNorm.h5",
        "Valid_Silveira_SphGrain_SAug_DNorm.h5",
        "Valid_Oliveira_Leopard_SAug_DNorm.h5",
        "Valid_Oliveira_CastleGate_SAug_DNorm.h5",
        "Valid_Oliveira_BereaUpperGray_SAug_DNorm.h5",
        "Valid_Oliveira_BereaSinterGray_SAug_DNorm.h5",
        "Valid_Oliveira_BereaBuff_SAug_DNorm.h5",
        "Valid_Oliveira_Berea_SAug_DNorm.h5",
        "Valid_Oliveira_Bentheimer_SAug_DNorm.h5"
    ],
    "train_range": null,
    "valid_range": null,
    "batch_size": 8,
    "num_workers": 4,
    "num_threads": null,
    "device": "cuda",
    "N_epochs": 1000,
    "partial_epochs": 1000,
    "patience": 200,
    "tolerance": null,
    "learning_rate": 0.0006,
    "earlyStopping_loss": "MSE",
    "backPropagation_loss": "MSE",
    "optimizer": "ADAM",
    "weight_init": null,
    "seed": 42,
    "train_comment": "Teste de multiplos datasets.",
    "NN_results_folder": "/home/gabriel.silveira/dissertacao/NN_Results/NN_Trainning_15_July_2026_03-59PM_Job26381/"
}


/home/gabriel.silveira/dissertacao/NN_Results/NN_Trainning_15_July_2026_03-59PM_Job26381/
Metadata saved at: /home/gabriel.silveira/dissertacao/NN_Results/NN_Trainning_15_July_2026_03-59PM_Job26381/metadata.json
Loading Training Data ... 
/home/gabriel.silveira/dissertacao/CNN_SinglePhase/Utilities/dataset_reader.py:121: UserWarning: Number of samples not provided.The dataset will consider 640 samples from ../NN_Datasets_Grad/Train_Silveira_SphPore_SAug_DNorm.h5.
  self._validate_file()
/home/gabriel.silveira/dissertacao/CNN_SinglePhase/Utilities/dataset_reader.py:121: UserWarning: Number of samples not provided.The dataset will consider 640 samples from ../NN_Datasets_Grad/Train_Silveira_SphGrain_SAug_DNorm.h5.
  self._validate_file()
/home/gabriel.silveira/dissertacao/CNN_SinglePhase/Utilities/dataset_reader.py:121: UserWarning: Number of samples not provided.The dataset will consider 100 samples from ../NN_Datasets_Grad/Train_Oliveira_Leopard_SAug_DNorm.h5.
  self._validate_file()
/home/gabriel.silveira/dissertacao/CNN_SinglePhase/Utilities/dataset_reader.py:121: UserWarning: Number of samples not provided.The dataset will consider 104 samples from ../NN_Datasets_Grad/Train_Oliveira_CastleGate_SAug_DNorm.h5.
  self._validate_file()
/home/gabriel.silveira/dissertacao/CNN_SinglePhase/Utilities/dataset_reader.py:121: UserWarning: Number of samples not provided.The dataset will consider 80 samples from ../NN_Datasets_Grad/Train_Oliveira_BereaUpperGray_SAug_DNorm.h5.
  self._validate_file()
/home/gabriel.silveira/dissertacao/CNN_SinglePhase/Utilities/dataset_reader.py:121: UserWarning: Number of samples not provided.The dataset will consider 72 samples from ../NN_Datasets_Grad/Train_Oliveira_BereaSinterGray_SAug_DNorm.h5.
  self._validate_file()
/home/gabriel.silveira/dissertacao/CNN_SinglePhase/Utilities/dataset_reader.py:121: UserWarning: Number of samples not provided.The dataset will consider 76 samples from ../NN_Datasets_Grad/Train_Oliveira_BereaBuff_SAug_DNorm.h5.
  self._validate_file()
/home/gabriel.silveira/dissertacao/CNN_SinglePhase/Utilities/dataset_reader.py:121: UserWarning: Number of samples not provided.The dataset will consider 80 samples from ../NN_Datasets_Grad/Train_Oliveira_Berea_SAug_DNorm.h5.
  self._validate_file()
/home/gabriel.silveira/dissertacao/CNN_SinglePhase/Utilities/dataset_reader.py:121: UserWarning: Number of samples not provided.The dataset will consider 152 samples from ../NN_Datasets_Grad/Train_Oliveira_Bentheimer_SAug_DNorm.h5.
  self._validate_file()
  - 1944 samples considered.
Loading Validation Data ... 
/home/gabriel.silveira/dissertacao/CNN_SinglePhase/Utilities/dataset_reader.py:121: UserWarning: Number of samples not provided.The dataset will consider 64 samples from ../NN_Datasets_Grad/Valid_Silveira_SphPore_SAug_DNorm.h5.
  self._validate_file()
/home/gabriel.silveira/dissertacao/CNN_SinglePhase/Utilities/dataset_reader.py:121: UserWarning: Number of samples not provided.The dataset will consider 64 samples from ../NN_Datasets_Grad/Valid_Silveira_SphGrain_SAug_DNorm.h5.
  self._validate_file()
/home/gabriel.silveira/dissertacao/CNN_SinglePhase/Utilities/dataset_reader.py:121: UserWarning: Number of samples not provided.The dataset will consider 48 samples from ../NN_Datasets_Grad/Valid_Oliveira_Leopard_SAug_DNorm.h5.
  self._validate_file()
/home/gabriel.silveira/dissertacao/CNN_SinglePhase/Utilities/dataset_reader.py:121: UserWarning: Number of samples not provided.The dataset will consider 52 samples from ../NN_Datasets_Grad/Valid_Oliveira_CastleGate_SAug_DNorm.h5.
  self._validate_file()
/home/gabriel.silveira/dissertacao/CNN_SinglePhase/Utilities/dataset_reader.py:121: UserWarning: Number of samples not provided.The dataset will consider 44 samples from ../NN_Datasets_Grad/Valid_Oliveira_BereaUpperGray_SAug_DNorm.h5.
  self._validate_file()
/home/gabriel.silveira/dissertacao/CNN_SinglePhase/Utilities/dataset_reader.py:121: UserWarning: Number of samples not provided.The dataset will consider 32 samples from ../NN_Datasets_Grad/Valid_Oliveira_BereaSinterGray_SAug_DNorm.h5.
  self._validate_file()
/home/gabriel.silveira/dissertacao/CNN_SinglePhase/Utilities/dataset_reader.py:121: UserWarning: Number of samples not provided.The dataset will consider 36 samples from ../NN_Datasets_Grad/Valid_Oliveira_BereaBuff_SAug_DNorm.h5.
  self._validate_file()
/home/gabriel.silveira/dissertacao/CNN_SinglePhase/Utilities/dataset_reader.py:121: UserWarning: Number of samples not provided.The dataset will consider 40 samples from ../NN_Datasets_Grad/Valid_Oliveira_Berea_SAug_DNorm.h5.
  self._validate_file()
/home/gabriel.silveira/dissertacao/CNN_SinglePhase/Utilities/dataset_reader.py:121: UserWarning: Number of samples not provided.The dataset will consider 80 samples from ../NN_Datasets_Grad/Valid_Oliveira_Bentheimer_SAug_DNorm.h5.
  self._validate_file()
  - 460 samples considered.
Loading Model ... 
Model size: 4.943MB
Model size: 1294781 total parameters
Model size: 1294781 trainable parameters
Model size: 0 frozen parameters

Starting Train on cuda... 

No previous checkpoints found in /home/gabriel.silveira/dissertacao/NN_Results/NN_Trainning_15_July_2026_03-59PM_Job26381/


Trainning session has started.

--> New best solution for Validation dataset achieved at 0 / 1000: 0.0038782537710082172 (100.000000% better)

Executing epoch 0 / 1000 (0.0%)
--> Average epoch processing time (seconds):  354.857227
--> Back-Propagated Loss for trainning vs validation data:
Loss Name             Train      | Valid     
----------------------------------------------
MSE                   0.007376   | 0.003878  
MSE in Void Space     0.017089   | 0.011197  
Bias Error            1377.620732 | 1589.478536
Pearson Correlation   0.482878   | 0.471621  
--> New best solution for Validation dataset achieved at 4 / 1000: 0.0029951722726450653 (22.770080% better)
--> New best solution for Validation dataset achieved at 5 / 1000: 0.002066073984365332 (31.019861% better)
--> New best solution for Validation dataset achieved at 8 / 1000: 0.001961504773574014 (5.061252% better)

Executing epoch 10 / 1000 (1.0%)
--> Average epoch processing time (seconds):  288.279143
--> Back-Propagated Loss for trainning vs validation data:
Loss Name             Train      | Valid     
----------------------------------------------
MSE                   0.004811   | 0.002684  
MSE in Void Space     0.011280   | 0.007916  
Bias Error            2837.009428 | 3330.100306
Pearson Correlation   0.704305   | 0.669949  
--> New best solution for Validation dataset achieved at 11 / 1000: 0.0017388899477423522 (11.349186% better)
--> New best solution for Validation dataset achieved at 17 / 1000: 0.0011998341521167934 (30.999995% better)

Executing epoch 20 / 1000 (2.0%)
--> Average epoch processing time (seconds):  285.20037
--> Back-Propagated Loss for trainning vs validation data:
Loss Name             Train      | Valid     
----------------------------------------------
MSE                   0.004226   | 0.002703  
MSE in Void Space     0.009957   | 0.008267  
Bias Error            4539.128992 | 2019.850727
Pearson Correlation   0.789369   | 0.739480  
--> New best solution for Validation dataset achieved at 27 / 1000: 0.0009594884804441947 (20.031574% better)

Executing epoch 30 / 1000 (3.0%)
--> Average epoch processing time (seconds):  284.110236
--> Back-Propagated Loss for trainning vs validation data:
Loss Name             Train      | Valid     
----------------------------------------------
MSE                   0.001854   | 0.001160  
MSE in Void Space     0.004287   | 0.003394  
Bias Error            361.471174 | 219.977543
Pearson Correlation   0.908039   | 0.864996  
--> New best solution for Validation dataset achieved at 34 / 1000: 0.0009291517118730679 (3.161765% better)
--> New best solution for Validation dataset achieved at 37 / 1000: 0.0008189462241716683 (11.860871% better)

Executing epoch 40 / 1000 (4.0%)
--> Average epoch processing time (seconds):  283.60186
--> Back-Propagated Loss for trainning vs validation data:
Loss Name             Train      | Valid     
----------------------------------------------
MSE                   0.001461   | 0.001061  
MSE in Void Space     0.003470   | 0.003255  
Bias Error            440.853931 | 38238.382072
Pearson Correlation   0.912868   | 0.869725  

Executing epoch 50 / 1000 (5.0%)
--> Average epoch processing time (seconds):  283.263727
--> Back-Propagated Loss for trainning vs validation data:
Loss Name             Train      | Valid     
----------------------------------------------
MSE                   0.001304   | 0.000937  
MSE in Void Space     0.003087   | 0.002869  
Bias Error            308.044600 | 893.968426
Pearson Correlation   0.927719   | 0.883322  
--> New best solution for Validation dataset achieved at 51 / 1000: 0.0007820865841871448 (4.500862% better)
--> New best solution for Validation dataset achieved at 54 / 1000: 0.0007767410128947411 (0.683501% better)
--> New best solution for Validation dataset achieved at 56 / 1000: 0.0007267656057655554 (6.433986% better)

Executing epoch 60 / 1000 (6.0%)
--> Average epoch processing time (seconds):  294.698264
--> Back-Propagated Loss for trainning vs validation data:
Loss Name             Train      | Valid     
----------------------------------------------
MSE                   0.001033   | 0.000887  
MSE in Void Space     0.002455   | 0.002730  
Bias Error            375.125882 | 117.830615
Pearson Correlation   0.940517   | 0.895568  

Executing epoch 70 / 1000 (7.0%)
--> Average epoch processing time (seconds):  292.881588
--> Back-Propagated Loss for trainning vs validation data:
Loss Name             Train      | Valid     
----------------------------------------------
MSE                   0.000828   | 0.000797  
MSE in Void Space     0.001966   | 0.002459  
Bias Error            443.607524 | 435.710432
Pearson Correlation   0.947009   | 0.896485  
--> New best solution for Validation dataset achieved at 79 / 1000: 0.0007086042344875248 (2.498931% better)

Executing epoch 80 / 1000 (8.0%)
--> Average epoch processing time (seconds):  291.539649
--> Back-Propagated Loss for trainning vs validation data:
Loss Name             Train      | Valid     
----------------------------------------------
MSE                   0.000852   | 0.000967  
MSE in Void Space     0.002018   | 0.002957  
Bias Error            326.309551 | 140.678834
Pearson Correlation   0.958314   | 0.908552  
--> New best solution for Validation dataset achieved at 86 / 1000: 0.0006456666029909433 (8.881916% better)

Executing epoch 90 / 1000 (9.0%)
--> Average epoch processing time (seconds):  290.480692
--> Back-Propagated Loss for trainning vs validation data:
Loss Name             Train      | Valid     
----------------------------------------------
MSE                   0.000643   | 0.000713  
MSE in Void Space     0.001506   | 0.002203  
Bias Error            539.171499 | 441.897682
Pearson Correlation   0.961290   | 0.910908  

Executing epoch 100 / 1000 (10.0%)
--> Average epoch processing time (seconds):  289.642543
--> Back-Propagated Loss for trainning vs validation data:
Loss Name             Train      | Valid     
----------------------------------------------
MSE                   0.000509   | 0.000663  
MSE in Void Space     0.001204   | 0.002073  
Bias Error            71.549075  | 206.121341
Pearson Correlation   0.966754   | 0.913458  

Executing epoch 110 / 1000 (11.0%)
--> Average epoch processing time (seconds):  288.944938
--> Back-Propagated Loss for trainning vs validation data:
Loss Name             Train      | Valid     
----------------------------------------------
MSE                   0.000576   | 0.000668  
MSE in Void Space     0.001375   | 0.002086  
Bias Error            302.860342 | 554.804738
Pearson Correlation   0.963813   | 0.908601  

Executing epoch 120 / 1000 (12.0%)
--> Average epoch processing time (seconds):  288.33923
--> Back-Propagated Loss for trainning vs validation data:
Loss Name             Train      | Valid     
----------------------------------------------
MSE                   0.000584   | 0.000697  
MSE in Void Space     0.001368   | 0.002149  
Bias Error            93.950900  | 336.777922
Pearson Correlation   0.963610   | 0.910146  
--> New best solution for Validation dataset achieved at 128 / 1000: 0.0006098120392035244 (5.553108% better)

Executing epoch 130 / 1000 (13.0%)
--> Average epoch processing time (seconds):  287.814506
--> Back-Propagated Loss for trainning vs validation data:
Loss Name             Train      | Valid     
----------------------------------------------
MSE                   0.000498   | 0.000716  
MSE in Void Space     0.001175   | 0.002260  
Bias Error            316.287431 | 310.340112
Pearson Correlation   0.968626   | 0.907496  

Executing epoch 140 / 1000 (14.0%)
--> Average epoch processing time (seconds):  287.381502
--> Back-Propagated Loss for trainning vs validation data:
Loss Name             Train      | Valid     
----------------------------------------------
MSE                   0.000507   | 0.000672  
MSE in Void Space     0.001207   | 0.002111  
Bias Error            128.478986 | 175.509490
Pearson Correlation   0.966513   | 0.908587  

Executing epoch 150 / 1000 (15.0%)
--> Average epoch processing time (seconds):  286.991767
--> Back-Propagated Loss for trainning vs validation data:
Loss Name             Train      | Valid     
----------------------------------------------
MSE                   0.000423   | 0.000626  
MSE in Void Space     0.001000   | 0.001967  
Bias Error            84.613213  | 133.866634
Pearson Correlation   0.972588   | 0.911867  

Executing epoch 160 / 1000 (16.0%)
--> Average epoch processing time (seconds):  286.663539
--> Back-Propagated Loss for trainning vs validation data:
Loss Name             Train      | Valid     
----------------------------------------------
MSE                   0.000667   | 0.000728  
MSE in Void Space     0.001578   | 0.002231  
Bias Error            900.035384 | 309.404402
Pearson Correlation   0.968104   | 0.912276  
--> New best solution for Validation dataset achieved at 163 / 1000: 0.0006085396498433668 (0.208653% better)

Executing epoch 170 / 1000 (17.0%)
--> Average epoch processing time (seconds):  286.358705
--> Back-Propagated Loss for trainning vs validation data:
Loss Name             Train      | Valid     
----------------------------------------------
MSE                   0.000540   | 0.000707  
MSE in Void Space     0.001268   | 0.002216  
Bias Error            443.182451 | 264.477990
Pearson Correlation   0.966536   | 0.901828  

Executing epoch 180 / 1000 (18.0%)
--> Average epoch processing time (seconds):  286.091561
--> Back-Propagated Loss for trainning vs validation data:
Loss Name             Train      | Valid     
----------------------------------------------
MSE                   0.000422   | 0.000709  
MSE in Void Space     0.001001   | 0.002253  
Bias Error            215.117779 | 588.590081
Pearson Correlation   0.973941   | 0.910137  

Executing epoch 190 / 1000 (19.0%)
--> Average epoch processing time (seconds):  285.84921
--> Back-Propagated Loss for trainning vs validation data:
Loss Name             Train      | Valid     
----------------------------------------------
MSE                   0.000448   | 0.000670  
MSE in Void Space     0.001040   | 0.002066  
Bias Error            577.930306 | 7459.060730
Pearson Correlation   0.973156   | 0.910590  
--> New best solution for Validation dataset achieved at 193 / 1000: 0.000600259050582375 (1.360733% better)

Executing epoch 200 / 1000 (20.0%)
--> Average epoch processing time (seconds):  285.638711
--> Back-Propagated Loss for trainning vs validation data:
Loss Name             Train      | Valid     
----------------------------------------------
MSE                   0.000371   | 0.000639  
MSE in Void Space     0.000861   | 0.001984  
Bias Error            92.583298  | 277.613846
Pearson Correlation   0.978599   | 0.917565  
--> New best solution for Validation dataset achieved at 208 / 1000: 0.000595594439675614 (0.777100% better)

Executing epoch 210 / 1000 (21.0%)
--> Average epoch processing time (seconds):  285.445951
--> Back-Propagated Loss for trainning vs validation data:
Loss Name             Train      | Valid     
----------------------------------------------
MSE                   0.000362   | 0.000653  
MSE in Void Space     0.000845   | 0.002069  
Bias Error            1134.181857 | 86.731970 
Pearson Correlation   0.977662   | 0.916532  

Executing epoch 220 / 1000 (22.0%)
--> Average epoch processing time (seconds):  285.267493
--> Back-Propagated Loss for trainning vs validation data:
Loss Name             Train      | Valid     
----------------------------------------------
MSE                   0.000453   | 0.000684  
MSE in Void Space     0.001052   | 0.002113  
Bias Error            1497.814433 | 222.151468
Pearson Correlation   0.974918   | 0.914559  

Executing epoch 230 / 1000 (23.0%)
--> Average epoch processing time (seconds):  285.104713
--> Back-Propagated Loss for trainning vs validation data:
Loss Name             Train      | Valid     
----------------------------------------------
MSE                   0.000367   | 0.000604  
MSE in Void Space     0.000867   | 0.001904  
Bias Error            92.933780  | 103.224659
Pearson Correlation   0.978070   | 0.917238  

Executing epoch 240 / 1000 (24.0%)
--> Average epoch processing time (seconds):  284.9535
--> Back-Propagated Loss for trainning vs validation data:
Loss Name             Train      | Valid     
----------------------------------------------
MSE                   0.000422   | 0.000648  
MSE in Void Space     0.001008   | 0.002022  
Bias Error            502.154706 | 173.243351
Pearson Correlation   0.974489   | 0.912562  
--> New best solution for Validation dataset achieved at 243 / 1000: 0.0005939578269166743 (0.274786% better)
--> New best solution for Validation dataset achieved at 250 / 1000: 0.0005864361526870072 (1.266365% better)

Executing epoch 250 / 1000 (25.0%)
--> Average epoch processing time (seconds):  284.815832
--> Back-Propagated Loss for trainning vs validation data:
Loss Name             Train      | Valid     
----------------------------------------------
MSE                   0.000316   | 0.000586  
MSE in Void Space     0.000743   | 0.001832  
Bias Error            175.592085 | 111.000337
Pearson Correlation   0.979786   | 0.922404  

Executing epoch 260 / 1000 (26.0%)
--> Average epoch processing time (seconds):  284.689626
--> Back-Propagated Loss for trainning vs validation data:
Loss Name             Train      | Valid     
----------------------------------------------
MSE                   0.000334   | 0.000592  
MSE in Void Space     0.000784   | 0.001848  
Bias Error            264.843101 | 68.986986 
Pearson Correlation   0.980057   | 0.916186  

Executing epoch 270 / 1000 (27.0%)
--> Average epoch processing time (seconds):  284.569548
--> Back-Propagated Loss for trainning vs validation data:
Loss Name             Train      | Valid     
----------------------------------------------
MSE                   0.000404   | 0.000707  
MSE in Void Space     0.000948   | 0.002211  
Bias Error            1607.237992 | 403.059879
Pearson Correlation   0.979152   | 0.915561  

Executing epoch 280 / 1000 (28.0%)
--> Average epoch processing time (seconds):  284.458309
--> Back-Propagated Loss for trainning vs validation data:
Loss Name             Train      | Valid     
----------------------------------------------
MSE                   0.000333   | 0.000643  
MSE in Void Space     0.000775   | 0.002035  
Bias Error            106.011989 | 95.258618 
Pearson Correlation   0.981467   | 0.920985  
--> New best solution for Validation dataset achieved at 287 / 1000: 0.0005844483472675824 (0.338964% better)

Executing epoch 290 / 1000 (29.0%)
--> Average epoch processing time (seconds):  284.362299
--> Back-Propagated Loss for trainning vs validation data:
Loss Name             Train      | Valid     
----------------------------------------------
MSE                   0.000302   | 0.000600  
MSE in Void Space     0.000698   | 0.001879  
Bias Error            115.938068 | 155.562153
Pearson Correlation   0.981953   | 0.923288  

Executing epoch 300 / 1000 (30.0%)
--> Average epoch processing time (seconds):  284.268096
--> Back-Propagated Loss for trainning vs validation data:
Loss Name             Train      | Valid     
----------------------------------------------
MSE                   0.000321   | 0.000657  
MSE in Void Space     0.000741   | 0.002050  
Bias Error            90.633720  | 195.410437
Pearson Correlation   0.982395   | 0.918331  
--> New best solution for Validation dataset achieved at 304 / 1000: 0.0005726156114492212 (2.024599% better)

Executing epoch 310 / 1000 (31.0%)
--> Average epoch processing time (seconds):  284.188728
--> Back-Propagated Loss for trainning vs validation data:
Loss Name             Train      | Valid     
----------------------------------------------
MSE                   0.000308   | 0.000577  
MSE in Void Space     0.000723   | 0.001784  
Bias Error            197.396456 | 118.658957
Pearson Correlation   0.982292   | 0.920464  

Executing epoch 320 / 1000 (32.0%)
--> Average epoch processing time (seconds):  284.112917
--> Back-Propagated Loss for trainning vs validation data:
Loss Name             Train      | Valid     
----------------------------------------------
MSE                   0.000302   | 0.000603  
MSE in Void Space     0.000703   | 0.001879  
Bias Error            233.399592 | 330.472345
Pearson Correlation   0.981798   | 0.923024  

Executing epoch 330 / 1000 (33.0%)
--> Average epoch processing time (seconds):  284.030001
--> Back-Propagated Loss for trainning vs validation data:
Loss Name             Train      | Valid     
----------------------------------------------
MSE                   0.000253   | 0.000602  
MSE in Void Space     0.000588   | 0.001894  
Bias Error            29.930441  | 115.282378
Pearson Correlation   0.984567   | 0.923797  

Executing epoch 340 / 1000 (34.0%)
--> Average epoch processing time (seconds):  283.953836
--> Back-Propagated Loss for trainning vs validation data:
Loss Name             Train      | Valid     
----------------------------------------------
MSE                   0.000273   | 0.000612  
MSE in Void Space     0.000635   | 0.001918  
Bias Error            112.048144 | 246.062948
Pearson Correlation   0.983993   | 0.924261  

Executing epoch 350 / 1000 (35.0%)
--> Average epoch processing time (seconds):  283.882988
--> Back-Propagated Loss for trainning vs validation data:
Loss Name             Train      | Valid     
----------------------------------------------
MSE                   0.000266   | 0.000619  
MSE in Void Space     0.000617   | 0.001949  
Bias Error            202.217982 | 207.667166
Pearson Correlation   0.984052   | 0.920229  

Executing epoch 360 / 1000 (36.0%)
--> Average epoch processing time (seconds):  283.814093
--> Back-Propagated Loss for trainning vs validation data:
Loss Name             Train      | Valid     
----------------------------------------------
MSE                   0.000260   | 0.000586  
MSE in Void Space     0.000599   | 0.001824  
Bias Error            230.070311 | 426.241026
Pearson Correlation   0.984398   | 0.921679  

Executing epoch 370 / 1000 (37.0%)
--> Average epoch processing time (seconds):  283.746447
--> Back-Propagated Loss for trainning vs validation data:
Loss Name             Train      | Valid     
----------------------------------------------
MSE                   0.000305   | 0.000645  
MSE in Void Space     0.000708   | 0.001990  
Bias Error            118.203991 | 263.614662
Pearson Correlation   0.984516   | 0.920512  
--> New best solution for Validation dataset achieved at 378 / 1000: 0.0005605733463669132 (2.103028% better)

Executing epoch 380 / 1000 (38.0%)
--> Average epoch processing time (seconds):  283.682669
--> Back-Propagated Loss for trainning vs validation data:
Loss Name             Train      | Valid     
----------------------------------------------
MSE                   0.001031   | 0.000856  
MSE in Void Space     0.002456   | 0.002676  
Bias Error            266.616127 | 158.738060
Pearson Correlation   0.940870   | 0.886082  

Executing epoch 390 / 1000 (39.0%)
--> Average epoch processing time (seconds):  283.622105
--> Back-Propagated Loss for trainning vs validation data:
Loss Name             Train      | Valid     
----------------------------------------------
MSE                   0.000273   | 0.000602  
MSE in Void Space     0.000628   | 0.001882  
Bias Error            49.521255  | 105.703235
Pearson Correlation   0.984689   | 0.922987  

Executing epoch 400 / 1000 (40.0%)
--> Average epoch processing time (seconds):  283.569665
--> Back-Propagated Loss for trainning vs validation data:
Loss Name             Train      | Valid     
----------------------------------------------
MSE                   0.000243   | 0.000584  
MSE in Void Space     0.000560   | 0.001826  
Bias Error            154.671735 | 153.580162
Pearson Correlation   0.985141   | 0.920938  

Executing epoch 410 / 1000 (41.0%)
--> Average epoch processing time (seconds):  283.520165
--> Back-Propagated Loss for trainning vs validation data:
Loss Name             Train      | Valid     
----------------------------------------------
MSE                   0.000240   | 0.000577  
MSE in Void Space     0.000550   | 0.001823  
Bias Error            66.971810  | 495.141198
Pearson Correlation   0.985502   | 0.922572  
--> New best solution for Validation dataset achieved at 418 / 1000: 0.0005571160215587387 (0.616748% better)

Executing epoch 420 / 1000 (42.0%)
--> Average epoch processing time (seconds):  283.473398
--> Back-Propagated Loss for trainning vs validation data:
Loss Name             Train      | Valid     
----------------------------------------------
MSE                   0.000265   | 0.000589  
MSE in Void Space     0.000616   | 0.001856  
Bias Error            73.540308  | 99.226584 
Pearson Correlation   0.985367   | 0.922351  

Executing epoch 430 / 1000 (43.0%)
--> Average epoch processing time (seconds):  283.427008
--> Back-Propagated Loss for trainning vs validation data:
Loss Name             Train      | Valid     
----------------------------------------------
MSE                   0.000218   | 0.000572  
MSE in Void Space     0.000498   | 0.001790  
Bias Error            146.692361 | 212.532369
Pearson Correlation   0.986698   | 0.919608  

Executing epoch 440 / 1000 (44.0%)
--> Average epoch processing time (seconds):  283.383284
--> Back-Propagated Loss for trainning vs validation data:
Loss Name             Train      | Valid     
----------------------------------------------
MSE                   0.000228   | 0.000580  
MSE in Void Space     0.000518   | 0.001810  
Bias Error            130.056139 | 93.017721 
Pearson Correlation   0.986638   | 0.923593  

Executing epoch 450 / 1000 (45.0%)
--> Average epoch processing time (seconds):  283.33748
--> Back-Propagated Loss for trainning vs validation data:
Loss Name             Train      | Valid     
----------------------------------------------
MSE                   0.000254   | 0.000589  
MSE in Void Space     0.000583   | 0.001838  
Bias Error            194.730042 | 237.955503
Pearson Correlation   0.985776   | 0.923306  

Executing epoch 460 / 1000 (46.0%)
--> Average epoch processing time (seconds):  283.299003
--> Back-Propagated Loss for trainning vs validation data:
Loss Name             Train      | Valid     
----------------------------------------------
MSE                   0.000236   | 0.000602  
MSE in Void Space     0.000543   | 0.001886  
Bias Error            174.756379 | 114.775800
Pearson Correlation   0.986203   | 0.924533  

Executing epoch 470 / 1000 (47.0%)
--> Average epoch processing time (seconds):  283.265489
--> Back-Propagated Loss for trainning vs validation data:
Loss Name             Train      | Valid     
----------------------------------------------
MSE                   0.000238   | 0.000604  
MSE in Void Space     0.000543   | 0.001885  
Bias Error            53.766358  | 248.122756
Pearson Correlation   0.985655   | 0.920450  

Executing epoch 480 / 1000 (48.0%)
--> Average epoch processing time (seconds):  283.230869
--> Back-Propagated Loss for trainning vs validation data:
Loss Name             Train      | Valid     
----------------------------------------------
MSE                   0.000224   | 0.000576  
MSE in Void Space     0.000518   | 0.001818  
Bias Error            294.124486 | 101.282687
Pearson Correlation   0.985979   | 0.920269  

Executing epoch 490 / 1000 (49.0%)
--> Average epoch processing time (seconds):  283.194946
--> Back-Propagated Loss for trainning vs validation data:
Loss Name             Train      | Valid     
----------------------------------------------
MSE                   0.000267   | 0.000609  
MSE in Void Space     0.000612   | 0.001905  
Bias Error            60.485782  | 145.364424
Pearson Correlation   0.987131   | 0.924514  
--> New best solution for Validation dataset achieved at 494 / 1000: 0.0005545256301110353 (0.464964% better)

Executing epoch 500 / 1000 (50.0%)
--> Average epoch processing time (seconds):  283.166531
--> Back-Propagated Loss for trainning vs validation data:
Loss Name             Train      | Valid     
----------------------------------------------
MSE                   0.000252   | 0.000602  
MSE in Void Space     0.000580   | 0.001888  
Bias Error            421.220930 | 155.700238
Pearson Correlation   0.987183   | 0.922300  

Executing epoch 510 / 1000 (51.0%)
--> Average epoch processing time (seconds):  283.13961
--> Back-Propagated Loss for trainning vs validation data:
Loss Name             Train      | Valid     
----------------------------------------------
MSE                   0.000255   | 0.000612  
MSE in Void Space     0.000583   | 0.001917  
Bias Error            351.802290 | 1232.847504
Pearson Correlation   0.986183   | 0.920222  

Executing epoch 520 / 1000 (52.0%)
--> Average epoch processing time (seconds):  283.114858
--> Back-Propagated Loss for trainning vs validation data:
Loss Name             Train      | Valid     
----------------------------------------------
MSE                   0.000244   | 0.000559  
MSE in Void Space     0.000565   | 0.001770  
Bias Error            133.692795 | 110.436277
Pearson Correlation   0.985212   | 0.917625  

Executing epoch 530 / 1000 (53.0%)
--> Average epoch processing time (seconds):  283.085541
--> Back-Propagated Loss for trainning vs validation data:
Loss Name             Train      | Valid     
----------------------------------------------
MSE                   0.000250   | 0.000596  
MSE in Void Space     0.000575   | 0.001880  
Bias Error            51.680543  | 410.343338
Pearson Correlation   0.986169   | 0.922684  

Executing epoch 540 / 1000 (54.0%)
--> Average epoch processing time (seconds):  283.058664
--> Back-Propagated Loss for trainning vs validation data:
Loss Name             Train      | Valid     
----------------------------------------------
MSE                   0.000298   | 0.000655  
MSE in Void Space     0.000692   | 0.002066  
Bias Error            97.309202  | 97.742161 
Pearson Correlation   0.986897   | 0.919110  

Executing epoch 550 / 1000 (55.0%)
--> Average epoch processing time (seconds):  283.031822
--> Back-Propagated Loss for trainning vs validation data:
Loss Name             Train      | Valid     
----------------------------------------------
MSE                   0.000222   | 0.000585  
MSE in Void Space     0.000506   | 0.001841  
Bias Error            205.091973 | 195.889266
Pearson Correlation   0.987360   | 0.921153  

Executing epoch 560 / 1000 (56.0%)
--> Average epoch processing time (seconds):  283.005141
--> Back-Propagated Loss for trainning vs validation data:
Loss Name             Train      | Valid     
----------------------------------------------
MSE                   0.000217   | 0.000570  
MSE in Void Space     0.000500   | 0.001787  
Bias Error            110.810868 | 180.408588
Pearson Correlation   0.987248   | 0.920983  
--> New best solution for Validation dataset achieved at 564 / 1000: 0.0005515465831006717 (0.537224% better)

Executing epoch 570 / 1000 (57.0%)
--> Average epoch processing time (seconds):  282.979681
--> Back-Propagated Loss for trainning vs validation data:
Loss Name             Train      | Valid     
----------------------------------------------
MSE                   0.000242   | 0.000594  
MSE in Void Space     0.000546   | 0.001870  
Bias Error            109.222316 | 112.390260
Pearson Correlation   0.987436   | 0.921198  
--> New best solution for Validation dataset achieved at 577 / 1000: 0.00054880846111136 (0.496444% better)

Executing epoch 580 / 1000 (58.0%)
--> Average epoch processing time (seconds):  282.952182
--> Back-Propagated Loss for trainning vs validation data:
Loss Name             Train      | Valid     
----------------------------------------------
MSE                   0.000308   | 0.000630  
MSE in Void Space     0.000714   | 0.001969  
Bias Error            282.557622 | 823.918957
Pearson Correlation   0.987320   | 0.922578  

Executing epoch 590 / 1000 (59.0%)
--> Average epoch processing time (seconds):  282.924768
--> Back-Propagated Loss for trainning vs validation data:
Loss Name             Train      | Valid     
----------------------------------------------
MSE                   0.000208   | 0.000568  
MSE in Void Space     0.000479   | 0.001777  
Bias Error            258.069104 | 277.842494
Pearson Correlation   0.987458   | 0.924596  

Executing epoch 600 / 1000 (60.0%)
--> Average epoch processing time (seconds):  282.899492
--> Back-Propagated Loss for trainning vs validation data:
Loss Name             Train      | Valid     
----------------------------------------------
MSE                   0.000232   | 0.000581  
MSE in Void Space     0.000522   | 0.001801  
Bias Error            89.099039  | 221.690485
Pearson Correlation   0.987162   | 0.919091  

Executing epoch 610 / 1000 (61.0%)
--> Average epoch processing time (seconds):  282.87647
--> Back-Propagated Loss for trainning vs validation data:
Loss Name             Train      | Valid     
----------------------------------------------
MSE                   0.000234   | 0.000585  
MSE in Void Space     0.000525   | 0.001811  
Bias Error            81.991392  | 161.836918
Pearson Correlation   0.987675   | 0.922327  

Executing epoch 620 / 1000 (62.0%)
--> Average epoch processing time (seconds):  282.853662
--> Back-Propagated Loss for trainning vs validation data:
Loss Name             Train      | Valid     
----------------------------------------------
MSE                   0.000223   | 0.000565  
MSE in Void Space     0.000509   | 0.001775  
Bias Error            162.486695 | 236.285274
Pearson Correlation   0.986951   | 0.927116  

Executing epoch 630 / 1000 (63.0%)
--> Average epoch processing time (seconds):  282.833635
--> Back-Propagated Loss for trainning vs validation data:
Loss Name             Train      | Valid     
----------------------------------------------
MSE                   0.000222   | 0.000587  
MSE in Void Space     0.000509   | 0.001819  
Bias Error            216.990540 | 268.217030
Pearson Correlation   0.986696   | 0.922969  

Executing epoch 640 / 1000 (64.0%)
--> Average epoch processing time (seconds):  282.812746
--> Back-Propagated Loss for trainning vs validation data:
Loss Name             Train      | Valid     
----------------------------------------------
MSE                   0.000258   | 0.000611  
MSE in Void Space     0.000575   | 0.001883  
Bias Error            356.307060 | 282.304285
Pearson Correlation   0.987656   | 0.922529  

Executing epoch 650 / 1000 (65.0%)
--> Average epoch processing time (seconds):  282.794756
--> Back-Propagated Loss for trainning vs validation data:
Loss Name             Train      | Valid     
----------------------------------------------
MSE                   0.000293   | 0.000638  
MSE in Void Space     0.000671   | 0.002009  
Bias Error            160.730980 | 266.391623
Pearson Correlation   0.988476   | 0.924932  

Executing epoch 660 / 1000 (66.0%)
--> Average epoch processing time (seconds):  282.774481
--> Back-Propagated Loss for trainning vs validation data:
Loss Name             Train      | Valid     
----------------------------------------------
MSE                   0.000228   | 0.000578  
MSE in Void Space     0.000524   | 0.001817  
Bias Error            132.264093 | 87.008814 
Pearson Correlation   0.987292   | 0.923030  

Executing epoch 670 / 1000 (67.0%)
--> Average epoch processing time (seconds):  282.755462
--> Back-Propagated Loss for trainning vs validation data:
Loss Name             Train      | Valid     
----------------------------------------------
MSE                   0.000215   | 0.000563  
MSE in Void Space     0.000494   | 0.001787  
Bias Error            228.092917 | 223.493970
Pearson Correlation   0.987580   | 0.925301  

Executing epoch 680 / 1000 (68.0%)
--> Average epoch processing time (seconds):  282.737151
--> Back-Propagated Loss for trainning vs validation data:
Loss Name             Train      | Valid     
----------------------------------------------
MSE                   0.000200   | 0.000559  
MSE in Void Space     0.000459   | 0.001763  
Bias Error            65.128030  | 424.793228
Pearson Correlation   0.988027   | 0.925755  

Executing epoch 690 / 1000 (69.0%)
--> Average epoch processing time (seconds):  282.722418
--> Back-Propagated Loss for trainning vs validation data:
Loss Name             Train      | Valid     
----------------------------------------------
MSE                   0.000201   | 0.000557  
MSE in Void Space     0.000466   | 0.001748  
Bias Error            44.165194  | 527.306504
Pearson Correlation   0.987346   | 0.921212  

Executing epoch 700 / 1000 (70.0%)
--> Average epoch processing time (seconds):  282.706365
--> Back-Propagated Loss for trainning vs validation data:
Loss Name             Train      | Valid     
----------------------------------------------
MSE                   0.000207   | 0.000573  
MSE in Void Space     0.000474   | 0.001809  
Bias Error            163.661342 | 76.505658 
Pearson Correlation   0.988051   | 0.921756  

Executing epoch 710 / 1000 (71.0%)
--> Average epoch processing time (seconds):  282.691741
--> Back-Propagated Loss for trainning vs validation data:
Loss Name             Train      | Valid     
----------------------------------------------
MSE                   0.000296   | 0.000608  
MSE in Void Space     0.000679   | 0.001903  
Bias Error            166.408157 | 170.033326
Pearson Correlation   0.988258   | 0.924667  

Executing epoch 720 / 1000 (72.0%)
--> Average epoch processing time (seconds):  282.677439
--> Back-Propagated Loss for trainning vs validation data:
Loss Name             Train      | Valid     
----------------------------------------------
MSE                   0.000213   | 0.000582  
MSE in Void Space     0.000489   | 0.001833  
Bias Error            205.487078 | 631.198412
Pearson Correlation   0.988746   | 0.922129  

Executing epoch 730 / 1000 (73.0%)
--> Average epoch processing time (seconds):  282.665199
--> Back-Propagated Loss for trainning vs validation data:
Loss Name             Train      | Valid     
----------------------------------------------
MSE                   0.000247   | 0.000586  
MSE in Void Space     0.000560   | 0.001842  
Bias Error            488.644534 | 139.528054
Pearson Correlation   0.985890   | 0.923926  

Executing epoch 740 / 1000 (74.0%)
--> Average epoch processing time (seconds):  282.651303
--> Back-Propagated Loss for trainning vs validation data:
Loss Name             Train      | Valid     
----------------------------------------------
MSE                   0.000197   | 0.000552  
MSE in Void Space     0.000451   | 0.001739  
Bias Error            91.565742  | 170.809968
Pearson Correlation   0.987705   | 0.922949  

Executing epoch 750 / 1000 (75.0%)
--> Average epoch processing time (seconds):  282.637122
--> Back-Propagated Loss for trainning vs validation data:
Loss Name             Train      | Valid     
----------------------------------------------
MSE                   0.000205   | 0.000572  
MSE in Void Space     0.000460   | 0.001787  
Bias Error            136.022685 | 163.063759
Pearson Correlation   0.988078   | 0.924621  

Executing epoch 760 / 1000 (76.0%)
--> Average epoch processing time (seconds):  282.622864
--> Back-Propagated Loss for trainning vs validation data:
Loss Name             Train      | Valid     
----------------------------------------------
MSE                   0.000224   | 0.000603  
MSE in Void Space     0.000513   | 0.001903  
Bias Error            54.436633  | 56300.662891
Pearson Correlation   0.988212   | 0.920163  
--> New best solution for Validation dataset achieved at 765 / 1000: 0.0005462950829151569 (0.457970% better)

Executing epoch 770 / 1000 (77.0%)
--> Average epoch processing time (seconds):  282.610549
--> Back-Propagated Loss for trainning vs validation data:
Loss Name             Train      | Valid     
----------------------------------------------
MSE                   0.000267   | 0.000683  
MSE in Void Space     0.000602   | 0.002131  
Bias Error            125.465716 | 653.189665
Pearson Correlation   0.988398   | 0.924157  

Executing epoch 780 / 1000 (78.0%)
--> Average epoch processing time (seconds):  282.595604
--> Back-Propagated Loss for trainning vs validation data:
Loss Name             Train      | Valid     
----------------------------------------------
MSE                   0.000196   | 0.000549  
MSE in Void Space     0.000456   | 0.001751  
Bias Error            49.174268  | 105.924150
Pearson Correlation   0.988348   | 0.920432  

Executing epoch 790 / 1000 (79.0%)
--> Average epoch processing time (seconds):  282.582617
--> Back-Propagated Loss for trainning vs validation data:
Loss Name             Train      | Valid     
----------------------------------------------
MSE                   0.000195   | 0.000574  
MSE in Void Space     0.000443   | 0.001800  
Bias Error            315.343033 | 230.842027
Pearson Correlation   0.988483   | 0.921435  
--> New best solution for Validation dataset achieved at 798 / 1000: 0.0005418115846435379 (0.820710% better)

Executing epoch 800 / 1000 (80.0%)
--> Average epoch processing time (seconds):  282.569875
--> Back-Propagated Loss for trainning vs validation data:
Loss Name             Train      | Valid     
----------------------------------------------
MSE                   0.000204   | 0.000558  
MSE in Void Space     0.000468   | 0.001755  
Bias Error            540.261868 | 303.374416
Pearson Correlation   0.988539   | 0.922602  

Executing epoch 810 / 1000 (81.0%)
--> Average epoch processing time (seconds):  282.557451
--> Back-Propagated Loss for trainning vs validation data:
Loss Name             Train      | Valid     
----------------------------------------------
MSE                   0.000201   | 0.000550  
MSE in Void Space     0.000459   | 0.001745  
Bias Error            61.491969  | 69.132178 
Pearson Correlation   0.988289   | 0.921050  

Executing epoch 820 / 1000 (82.0%)
--> Average epoch processing time (seconds):  282.544319
--> Back-Propagated Loss for trainning vs validation data:
Loss Name             Train      | Valid     
----------------------------------------------
MSE                   0.000194   | 0.000556  
MSE in Void Space     0.000442   | 0.001756  
Bias Error            41.704336  | 93.030826 
Pearson Correlation   0.989001   | 0.926033  

Executing epoch 830 / 1000 (83.0%)
--> Average epoch processing time (seconds):  282.53137
--> Back-Propagated Loss for trainning vs validation data:
Loss Name             Train      | Valid     
----------------------------------------------
MSE                   0.000205   | 0.000589  
MSE in Void Space     0.000462   | 0.001854  
Bias Error            299.865905 | 258.706517
Pearson Correlation   0.989189   | 0.921741  

Executing epoch 840 / 1000 (84.0%)
--> Average epoch processing time (seconds):  282.521042
--> Back-Propagated Loss for trainning vs validation data:
Loss Name             Train      | Valid     
----------------------------------------------
MSE                   0.000199   | 0.000565  
MSE in Void Space     0.000456   | 0.001803  
Bias Error            49.425533  | 175.598185
Pearson Correlation   0.988657   | 0.919911  

Executing epoch 850 / 1000 (85.0%)
--> Average epoch processing time (seconds):  282.509403
--> Back-Propagated Loss for trainning vs validation data:
Loss Name             Train      | Valid     
----------------------------------------------
MSE                   0.000193   | 0.000559  
MSE in Void Space     0.000445   | 0.001743  
Bias Error            119.344053 | 435.930114
Pearson Correlation   0.988953   | 0.919516  

Executing epoch 860 / 1000 (86.0%)
--> Average epoch processing time (seconds):  282.499007
--> Back-Propagated Loss for trainning vs validation data:
Loss Name             Train      | Valid     
----------------------------------------------
MSE                   0.000183   | 0.000566  
MSE in Void Space     0.000417   | 0.001789  
Bias Error            35.232196  | 530.887564
Pearson Correlation   0.989645   | 0.923099  

Executing epoch 870 / 1000 (87.0%)
--> Average epoch processing time (seconds):  282.489244
--> Back-Propagated Loss for trainning vs validation data:
Loss Name             Train      | Valid     
----------------------------------------------
MSE                   0.000205   | 0.000565  
MSE in Void Space     0.000465   | 0.001786  
Bias Error            62.150763  | 173.457671
Pearson Correlation   0.988187   | 0.921830  

Executing epoch 880 / 1000 (88.0%)
--> Average epoch processing time (seconds):  282.481465
--> Back-Propagated Loss for trainning vs validation data:
Loss Name             Train      | Valid     
----------------------------------------------
MSE                   0.000222   | 0.000605  
MSE in Void Space     0.000510   | 0.001900  
Bias Error            205.834200 | 378.904372
Pearson Correlation   0.988762   | 0.927295  

Executing epoch 890 / 1000 (89.0%)
--> Average epoch processing time (seconds):  282.475172
--> Back-Propagated Loss for trainning vs validation data:
Loss Name             Train      | Valid     
----------------------------------------------
MSE                   0.000222   | 0.000604  
MSE in Void Space     0.000504   | 0.001896  
Bias Error            1062.357499 | 115.666163
Pearson Correlation   0.989582   | 0.923032  

Executing epoch 900 / 1000 (90.0%)
--> Average epoch processing time (seconds):  282.469001
--> Back-Propagated Loss for trainning vs validation data:
Loss Name             Train      | Valid     
----------------------------------------------
MSE                   0.000191   | 0.000561  
MSE in Void Space     0.000434   | 0.001762  
Bias Error            158.318733 | 10858.787474
Pearson Correlation   0.988858   | 0.922154  

Executing epoch 910 / 1000 (91.0%)
--> Average epoch processing time (seconds):  282.46338
--> Back-Propagated Loss for trainning vs validation data:
Loss Name             Train      | Valid     
----------------------------------------------
MSE                   0.000220   | 0.000593  
MSE in Void Space     0.000499   | 0.001851  
Bias Error            425.216215 | 141.416677
Pearson Correlation   0.989404   | 0.924881  

Executing epoch 920 / 1000 (92.0%)
--> Average epoch processing time (seconds):  282.455295
--> Back-Propagated Loss for trainning vs validation data:
Loss Name             Train      | Valid     
----------------------------------------------
MSE                   0.000180   | 0.000565  
MSE in Void Space     0.000413   | 0.001784  
Bias Error            161.005926 | 817.912093
Pearson Correlation   0.988961   | 0.926214  

Executing epoch 930 / 1000 (93.0%)
--> Average epoch processing time (seconds):  282.445236
--> Back-Propagated Loss for trainning vs validation data:
Loss Name             Train      | Valid     
----------------------------------------------
MSE                   0.000217   | 0.000583  
MSE in Void Space     0.000497   | 0.001837  
Bias Error            116.677734 | 247.950062
Pearson Correlation   0.989576   | 0.921358  

Executing epoch 940 / 1000 (94.0%)
--> Average epoch processing time (seconds):  282.433597
--> Back-Propagated Loss for trainning vs validation data:
Loss Name             Train      | Valid     
----------------------------------------------
MSE                   0.000177   | 0.000548  
MSE in Void Space     0.000403   | 0.001716  
Bias Error            191.135656 | 85.698142 
Pearson Correlation   0.989888   | 0.923297  

Executing epoch 950 / 1000 (95.0%)
--> Average epoch processing time (seconds):  282.422609
--> Back-Propagated Loss for trainning vs validation data:
Loss Name             Train      | Valid     
----------------------------------------------
MSE                   0.000212   | 0.000581  
MSE in Void Space     0.000482   | 0.001832  
Bias Error            170.475072 | 180.676278
Pearson Correlation   0.989485   | 0.923825  

Executing epoch 960 / 1000 (96.0%)
--> Average epoch processing time (seconds):  282.412233
--> Back-Propagated Loss for trainning vs validation data:
Loss Name             Train      | Valid     
----------------------------------------------
MSE                   0.000167   | 0.000551  
MSE in Void Space     0.000380   | 0.001721  
Bias Error            100.614105 | 221.210165
Pearson Correlation   0.989803   | 0.924179  

Executing epoch 970 / 1000 (97.0%)
--> Average epoch processing time (seconds):  282.400953
--> Back-Propagated Loss for trainning vs validation data:
Loss Name             Train      | Valid     
----------------------------------------------
MSE                   0.000199   | 0.000556  
MSE in Void Space     0.000452   | 0.001755  
Bias Error            223.744695 | 390.013543
Pearson Correlation   0.989560   | 0.927696  

Executing epoch 980 / 1000 (98.0%)
--> Average epoch processing time (seconds):  282.390962
--> Back-Propagated Loss for trainning vs validation data:
Loss Name             Train      | Valid     
----------------------------------------------
MSE                   0.000186   | 0.000567  
MSE in Void Space     0.000420   | 0.001786  
Bias Error            78.506292  | 119.545029
Pearson Correlation   0.990111   | 0.924898  

Executing epoch 990 / 1000 (99.0%)
--> Average epoch processing time (seconds):  282.380361
--> Back-Propagated Loss for trainning vs validation data:
Loss Name             Train      | Valid     
----------------------------------------------
MSE                   0.000251   | 0.000595  
MSE in Void Space     0.000563   | 0.001838  
Bias Error            277.499906 | 174.612632
Pearson Correlation   0.989819   | 0.925083  
Patience of 200 achieved (last update in epoch 798). Resuming training...
Ending Train ... 
Modelo PyTorch e memória associada liberados.
