[*] Resuming/Loading configs from results folder: ../NN_Results/../NN_Results/NN_Trainning_14_July_2026_10-40AM_Job26297_copy/metadata.json
Global seed set to 42
Current device:      cuda


Configurations:
{
    "model_name": "javier_z",
    "binary_input": false,
    "NN_dataset_folder": "../NN_Datasets_Grad/",
    "dataset_train_name": [
        "Train_Silveira_SphPore_SAug_DNorm.h5",
        "Train_Silveira_SphGrain_SAug_DNorm.h5"
    ],
    "dataset_valid_name": [
        "Valid_Silveira_SphPore_SAug_DNorm.h5",
        "Valid_Silveira_SphGrain_SAug_DNorm.h5"
    ],
    "train_range": null,
    "valid_range": null,
    "batch_size": 8,
    "num_workers": 4,
    "num_threads": null,
    "device": "cuda",
    "N_epochs": 2000,
    "partial_epochs": 2000,
    "patience": 300,
    "tolerance": null,
    "learning_rate": 6e-05,
    "earlyStopping_loss": "MSE",
    "backPropagation_loss": "MSE",
    "optimizer": "ADAMW",
    "weight_init": null,
    "seed": 42,
    "train_comment": "Teste de multiplos datasets.",
    "NN_results_folder": "../NN_Results/NN_Trainning_14_July_2026_10-40AM_Job26297_copy/",
    "loss_functions": {
        "MSE": {
            "Thresholded": false,
            "obj": "MSELoss()"
        },
        "MSE in Void Space": {
            "Thresholded": true,
            "obj": "Mask_LossFunction(\n  (lossFunction): MSELoss()\n)"
        },
        "Bias Error": {
            "Thresholded": true,
            "obj": "Mask_LossFunction(\n  (lossFunction): MeanBiasError()\n)"
        },
        "Pearson Correlation": {
            "Thresholded": true,
            "obj": "Mask_LossFunction(\n  (lossFunction): PearsonCorr()\n)"
        }
    }
}


../NN_Results/NN_Trainning_14_July_2026_10-40AM_Job26297_copy/
Metadata saved at: ../NN_Results/NN_Trainning_14_July_2026_10-40AM_Job26297_copy/metadata.json
Loading Training Data ... 
/home/gabriel.silveira/dissertacao/CNN_SinglePhase/Utilities/dataset_reader.py:121: UserWarning: Number of samples not provided.The dataset will consider 640 samples from ../NN_Datasets_Grad/Train_Silveira_SphPore_SAug_DNorm.h5.
  self._validate_file()
/home/gabriel.silveira/dissertacao/CNN_SinglePhase/Utilities/dataset_reader.py:121: UserWarning: Number of samples not provided.The dataset will consider 640 samples from ../NN_Datasets_Grad/Train_Silveira_SphGrain_SAug_DNorm.h5.
  self._validate_file()
  - 1280 samples considered.
Loading Validation Data ... 
/home/gabriel.silveira/dissertacao/CNN_SinglePhase/Utilities/dataset_reader.py:121: UserWarning: Number of samples not provided.The dataset will consider 64 samples from ../NN_Datasets_Grad/Valid_Silveira_SphPore_SAug_DNorm.h5.
  self._validate_file()
/home/gabriel.silveira/dissertacao/CNN_SinglePhase/Utilities/dataset_reader.py:121: UserWarning: Number of samples not provided.The dataset will consider 64 samples from ../NN_Datasets_Grad/Valid_Silveira_SphGrain_SAug_DNorm.h5.
  self._validate_file()
  - 128 samples considered.
Loading Model ... 
Number of Filters:  [128, 32, 8, 2]
Number of Filters:  [128, 32, 8, 2]
Number of Filters:  [128, 32, 8, 2]
Number of Filters:  [128, 32, 8, 2]
Number of Filters:  [128, 32, 8, 2]
Model size: 7.226MB
Model size: 1894156 total parameters
Model size: 1894156 trainable parameters
Model size: 0 frozen parameters

Starting Train on cuda... 

Loading Checkpoint from ../NN_Results/NN_Trainning_14_July_2026_10-40AM_Job26297_copy/train_checkpoint_680...
Resuming from Epoch 681


Trainning session has started.


Executing epoch 700 / 2000 (35.0%)
--> Average epoch processing time (seconds):  2.474191
--> Back-Propagated Loss for trainning vs validation data:
Loss Name             Train      | Valid     
----------------------------------------------
MSE                   47.157774  | 13.241053 
MSE in Void Space     0.149652   | 0.131650  
Bias Error            84.839217  | 85.250030 
Pearson Correlation   0.289598   | 0.291862  

Executing epoch 720 / 2000 (36.0%)
--> Average epoch processing time (seconds):  4.809982
--> Back-Propagated Loss for trainning vs validation data:
Loss Name             Train      | Valid     
----------------------------------------------
MSE                   21.713382  | 10.038328 
MSE in Void Space     0.162293   | 0.142439  
Bias Error            91.444217  | 90.937215 
Pearson Correlation   0.157138   | 0.165406  

Executing epoch 740 / 2000 (37.0%)
--> Average epoch processing time (seconds):  7.024551
--> Back-Propagated Loss for trainning vs validation data:
Loss Name             Train      | Valid     
----------------------------------------------
MSE                   117.985107 | 17.141120 
MSE in Void Space     0.129902   | 0.109548  
Bias Error            55.370622  | 53.258474 
Pearson Correlation   0.244233   | 0.260113  

Executing epoch 760 / 2000 (38.0%)
--> Average epoch processing time (seconds):  9.114612
--> Back-Propagated Loss for trainning vs validation data:
Loss Name             Train      | Valid     
----------------------------------------------
MSE                   20.773928  | 10.012759 
MSE in Void Space     0.165065   | 0.145463  
Bias Error            94.926475  | 94.804807 
Pearson Correlation   0.183025   | 0.177622  

Executing epoch 780 / 2000 (39.0%)
--> Average epoch processing time (seconds):  11.098269
--> Back-Propagated Loss for trainning vs validation data:
Loss Name             Train      | Valid     
----------------------------------------------
MSE                   14.775588  | 9.456599  
MSE in Void Space     0.161953   | 0.142612  
Bias Error            90.076969  | 90.144256 
Pearson Correlation   0.163539   | 0.167254  
Patience of 300 achieved (last update in epoch 497). Resuming training...
Ending Train ... 
Modelo PyTorch e memória associada liberados.
