[*] Loading configs from standard config file: exp/Etapa_0_DM_SA_DN_javier_z.json
Global seed set to 42
Current device:      cuda


Configurations:
{
    "model_name": "javier_z",
    "binary_input": false,
    "NN_dataset_folder": "../NN_Datasets_Grad_Dist_40_5_55/",
    "dataset_train_name": [
        "Train_Danny_SphPore_DAug_DNorm.h5"
    ],
    "dataset_valid_name": [
        "Valid_Danny_SphPore_DAug_DNorm.h5"
    ],
    "train_range": null,
    "valid_range": null,
    "batch_size": 8,
    "num_workers": 4,
    "num_threads": null,
    "device": "cuda",
    "N_epochs": 1000,
    "partial_epochs": 1000,
    "patience": 200,
    "tolerance": null,
    "learning_rate": 0.0006,
    "earlyStopping_loss": "MSE",
    "backPropagation_loss": "MSE",
    "optimizer": "ADAM",
    "weight_init": null,
    "seed": 42,
    "train_comment": "Retreinando Danny Ko qualificacao, mas agora com grad-lbm",
    "NN_results_folder": "/home/gabriel.silveira/dissertacao/NN_Results/NN_Trainning_9_September_2026_06-38PM_Job28309/"
}


/home/gabriel.silveira/dissertacao/NN_Results/NN_Trainning_9_September_2026_06-38PM_Job28309/
Metadata saved at: /home/gabriel.silveira/dissertacao/NN_Results/NN_Trainning_9_September_2026_06-38PM_Job28309/metadata.json
Loading Training Data ... 
Considering 150 samples from ../NN_Datasets_Grad_Dist_40_5_55/Train_Danny_SphPore_DAug_DNorm.h5.
  - 150 samples considered.
Loading Validation Data ... 
Considering 60 samples from ../NN_Datasets_Grad_Dist_40_5_55/Valid_Danny_SphPore_DAug_DNorm.h5.
  - 60 samples considered.
Loading Model ... 
Number of Filters:  [128, 32, 8, 2]
Number of Filters:  [128, 32, 8, 2]
Number of Filters:  [128, 32, 8, 2]
Number of Filters:  [128, 32, 8, 2]
Model size: 7.226MB
Model size: 1894156 total parameters
Model size: 1894156 trainable parameters
Model size: 0 frozen parameters

Starting Train on cuda... 

No previous checkpoints found in /home/gabriel.silveira/dissertacao/NN_Results/NN_Trainning_9_September_2026_06-38PM_Job28309/


Trainning session has started.

--> New best solution for Validation dataset achieved at 0 / 1000: 16.343254327774048 (100.000000% better)

Executing epoch 0 / 1000 (0.0%)
--> Average epoch processing time (seconds):  11.940638
--> Back-Propagated Loss for trainning vs validation data:
Loss Name             Train      | Valid     
----------------------------------------------
MSE                   14.045186  | 16.343254 
MSE in Void Space     0.501326   | 0.550588  
Bias Error            55.940589  | 78.599023 
Pearson Correlation   0.451527   | 0.431205  
--> New best solution for Validation dataset achieved at 1 / 1000: 9.439150035381317 (42.244367% better)
--> New best solution for Validation dataset achieved at 2 / 1000: 7.953288733959198 (15.741473% better)
--> New best solution for Validation dataset achieved at 3 / 1000: 7.258386552333832 (8.737294% better)
--> New best solution for Validation dataset achieved at 4 / 1000: 6.72279554605484 (7.378926% better)
--> New best solution for Validation dataset achieved at 5 / 1000: 6.251778304576874 (7.006271% better)
--> New best solution for Validation dataset achieved at 6 / 1000: 5.895056188106537 (5.705930% better)
--> New best solution for Validation dataset achieved at 7 / 1000: 5.6470663249492645 (4.206743% better)
--> New best solution for Validation dataset achieved at 8 / 1000: 5.281891494989395 (6.466629% better)
--> New best solution for Validation dataset achieved at 9 / 1000: 5.040997952222824 (4.560744% better)
--> New best solution for Validation dataset achieved at 10 / 1000: 4.993375390768051 (0.944705% better)

Executing epoch 10 / 1000 (1.0%)
--> Average epoch processing time (seconds):  11.612224
--> Back-Propagated Loss for trainning vs validation data:
Loss Name             Train      | Valid     
----------------------------------------------
MSE                   4.451242   | 4.993375  
MSE in Void Space     0.137898   | 0.174048  
Bias Error            38.815716  | 59.262722 
Pearson Correlation   0.785563   | 0.763416  
--> New best solution for Validation dataset achieved at 11 / 1000: 4.5375760197639465 (9.128081% better)
--> New best solution for Validation dataset achieved at 12 / 1000: 4.241413593292236 (6.526886% better)
--> New best solution for Validation dataset achieved at 13 / 1000: 4.142861559987068 (2.323566% better)
--> New best solution for Validation dataset achieved at 14 / 1000: 3.9354589134454727 (5.006265% better)
--> New best solution for Validation dataset achieved at 15 / 1000: 3.7178275287151337 (5.530013% better)
--> New best solution for Validation dataset achieved at 17 / 1000: 3.5525092780590057 (4.446636% better)
--> New best solution for Validation dataset achieved at 18 / 1000: 3.520712584257126 (0.895049% better)
--> New best solution for Validation dataset achieved at 19 / 1000: 3.4112882018089294 (3.108018% better)
--> New best solution for Validation dataset achieved at 20 / 1000: 3.1773449033498764 (6.857917% better)

Executing epoch 20 / 1000 (2.0%)
--> Average epoch processing time (seconds):  11.617004
--> Back-Propagated Loss for trainning vs validation data:
Loss Name             Train      | Valid     
----------------------------------------------
MSE                   2.717981   | 3.177345  
MSE in Void Space     0.077784   | 0.099915  
Bias Error            24.440222  | 40.798944 
Pearson Correlation   0.847236   | 0.821071  
--> New best solution for Validation dataset achieved at 21 / 1000: 3.016700029373169 (5.055947% better)
--> New best solution for Validation dataset achieved at 22 / 1000: 3.0124781131744385 (0.139951% better)
--> New best solution for Validation dataset achieved at 23 / 1000: 2.957209900021553 (1.834643% better)
--> New best solution for Validation dataset achieved at 26 / 1000: 2.6431178599596024 (10.621229% better)
--> New best solution for Validation dataset achieved at 27 / 1000: 2.625166028738022 (0.679191% better)
--> New best solution for Validation dataset achieved at 28 / 1000: 2.616341531276703 (0.336150% better)
--> New best solution for Validation dataset achieved at 30 / 1000: 2.529129095375538 (3.333374% better)

Executing epoch 30 / 1000 (3.0%)
--> Average epoch processing time (seconds):  11.60545
--> Back-Propagated Loss for trainning vs validation data:
Loss Name             Train      | Valid     
----------------------------------------------
MSE                   1.964324   | 2.529129  
MSE in Void Space     0.057631   | 0.073643  
Bias Error            13.742956  | 28.581151 
Pearson Correlation   0.871395   | 0.842339  
--> New best solution for Validation dataset achieved at 31 / 1000: 2.5261801928281784 (0.116598% better)
--> New best solution for Validation dataset achieved at 33 / 1000: 2.3796723037958145 (5.799582% better)
--> New best solution for Validation dataset achieved at 34 / 1000: 2.361855000257492 (0.748729% better)
--> New best solution for Validation dataset achieved at 38 / 1000: 2.296898603439331 (2.750228% better)

Executing epoch 40 / 1000 (4.0%)
--> Average epoch processing time (seconds):  11.600214
--> Back-Propagated Loss for trainning vs validation data:
Loss Name             Train      | Valid     
----------------------------------------------
MSE                   1.658872   | 2.534791  
MSE in Void Space     0.053216   | 0.070293  
Bias Error            8.689638   | 23.958097 
Pearson Correlation   0.879275   | 0.849280  
--> New best solution for Validation dataset achieved at 43 / 1000: 2.2580207213759422 (1.692625% better)
--> New best solution for Validation dataset achieved at 45 / 1000: 2.151656851172447 (4.710491% better)
--> New best solution for Validation dataset achieved at 49 / 1000: 2.059600442647934 (4.278396% better)

Executing epoch 50 / 1000 (5.0%)
--> Average epoch processing time (seconds):  11.593662
--> Back-Propagated Loss for trainning vs validation data:
Loss Name             Train      | Valid     
----------------------------------------------
MSE                   1.356478   | 2.140167  
MSE in Void Space     0.042430   | 0.054545  
Bias Error            4.462969   | 17.147906 
Pearson Correlation   0.898253   | 0.871458  
--> New best solution for Validation dataset achieved at 56 / 1000: 2.008669927716255 (2.472835% better)

Executing epoch 60 / 1000 (6.0%)
--> Average epoch processing time (seconds):  11.596542
--> Back-Propagated Loss for trainning vs validation data:
Loss Name             Train      | Valid     
----------------------------------------------
MSE                   1.399015   | 2.622773  
MSE in Void Space     0.046239   | 0.063715  
Bias Error            4.620134   | 17.544903 
Pearson Correlation   0.900043   | 0.869156  
--> New best solution for Validation dataset achieved at 63 / 1000: 1.9187739416956902 (4.475399% better)

Executing epoch 70 / 1000 (7.0%)
--> Average epoch processing time (seconds):  11.595096
--> Back-Propagated Loss for trainning vs validation data:
Loss Name             Train      | Valid     
----------------------------------------------
MSE                   1.074272   | 2.097586  
MSE in Void Space     0.034025   | 0.049440  
Bias Error            3.362930   | 14.049952 
Pearson Correlation   0.919888   | 0.878879  
--> New best solution for Validation dataset achieved at 78 / 1000: 1.894330233335495 (1.273923% better)
--> New best solution for Validation dataset achieved at 79 / 1000: 1.8675293922424316 (1.414792% better)

Executing epoch 80 / 1000 (8.0%)
--> Average epoch processing time (seconds):  11.604159
--> Back-Propagated Loss for trainning vs validation data:
Loss Name             Train      | Valid     
----------------------------------------------
MSE                   1.023299   | 1.927186  
MSE in Void Space     0.032848   | 0.045531  
Bias Error            4.638172   | 9.454389  
Pearson Correlation   0.922940   | 0.875336  
--> New best solution for Validation dataset achieved at 81 / 1000: 1.8436795100569725 (1.277082% better)
--> New best solution for Validation dataset achieved at 86 / 1000: 1.8433578461408615 (0.017447% better)
--> New best solution for Validation dataset achieved at 87 / 1000: 1.8014446422457695 (2.273742% better)

Executing epoch 90 / 1000 (9.0%)
--> Average epoch processing time (seconds):  11.610401
--> Back-Propagated Loss for trainning vs validation data:
Loss Name             Train      | Valid     
----------------------------------------------
MSE                   0.944682   | 1.980179  
MSE in Void Space     0.030007   | 0.045075  
Bias Error            2.278761   | 10.988622 
Pearson Correlation   0.928386   | 0.883307  

Executing epoch 100 / 1000 (10.0%)
--> Average epoch processing time (seconds):  11.613589
--> Back-Propagated Loss for trainning vs validation data:
Loss Name             Train      | Valid     
----------------------------------------------
MSE                   0.908510   | 1.985896  
MSE in Void Space     0.029145   | 0.044893  
Bias Error            5.286291   | 11.043548 
Pearson Correlation   0.931980   | 0.883573  

Executing epoch 110 / 1000 (11.0%)
--> Average epoch processing time (seconds):  11.61521
--> Back-Propagated Loss for trainning vs validation data:
Loss Name             Train      | Valid     
----------------------------------------------
MSE                   0.914995   | 2.039393  
MSE in Void Space     0.028582   | 0.045388  
Bias Error            4.829373   | 14.248769 
Pearson Correlation   0.933715   | 0.892550  
--> New best solution for Validation dataset achieved at 113 / 1000: 1.6693919599056244 (7.330377% better)

Executing epoch 120 / 1000 (12.0%)
--> Average epoch processing time (seconds):  11.61345
--> Back-Propagated Loss for trainning vs validation data:
Loss Name             Train      | Valid     
----------------------------------------------
MSE                   0.780140   | 1.805783  
MSE in Void Space     0.024914   | 0.040429  
Bias Error            4.271810   | 10.219814 
Pearson Correlation   0.941788   | 0.893892  
--> New best solution for Validation dataset achieved at 128 / 1000: 1.650424636900425 (1.136182% better)
--> New best solution for Validation dataset achieved at 129 / 1000: 1.6481859162449837 (0.135645% better)

Executing epoch 130 / 1000 (13.0%)
--> Average epoch processing time (seconds):  11.61286
--> Back-Propagated Loss for trainning vs validation data:
Loss Name             Train      | Valid     
----------------------------------------------
MSE                   0.769014   | 1.793264  
MSE in Void Space     0.024741   | 0.039260  
Bias Error            5.613698   | 9.524390  
Pearson Correlation   0.943098   | 0.896418  

Executing epoch 140 / 1000 (14.0%)
--> Average epoch processing time (seconds):  11.617378
--> Back-Propagated Loss for trainning vs validation data:
Loss Name             Train      | Valid     
----------------------------------------------
MSE                   0.709313   | 1.710074  
MSE in Void Space     0.022735   | 0.038518  
Bias Error            4.457445   | 9.532181  
Pearson Correlation   0.947443   | 0.897184  
--> New best solution for Validation dataset achieved at 144 / 1000: 1.6175134852528572 (1.860981% better)
--> New best solution for Validation dataset achieved at 150 / 1000: 1.5945070125162601 (1.422336% better)

Executing epoch 150 / 1000 (15.0%)
--> Average epoch processing time (seconds):  11.621415
--> Back-Propagated Loss for trainning vs validation data:
Loss Name             Train      | Valid     
----------------------------------------------
MSE                   0.665452   | 1.594507  
MSE in Void Space     0.021462   | 0.035410  
Bias Error            4.883409   | 10.023438 
Pearson Correlation   0.952974   | 0.905495  
--> New best solution for Validation dataset achieved at 152 / 1000: 1.5834896191954613 (0.690959% better)

Executing epoch 160 / 1000 (16.0%)
--> Average epoch processing time (seconds):  11.622779
--> Back-Propagated Loss for trainning vs validation data:
Loss Name             Train      | Valid     
----------------------------------------------
MSE                   0.669414   | 1.881833  
MSE in Void Space     0.021546   | 0.039495  
Bias Error            3.515742   | 11.123773 
Pearson Correlation   0.950626   | 0.905257  

Executing epoch 170 / 1000 (17.0%)
--> Average epoch processing time (seconds):  11.621522
--> Back-Propagated Loss for trainning vs validation data:
Loss Name             Train      | Valid     
----------------------------------------------
MSE                   0.730688   | 1.616304  
MSE in Void Space     0.024467   | 0.037846  
Bias Error            6.134522   | 8.020095  
Pearson Correlation   0.949155   | 0.894631  

Executing epoch 180 / 1000 (18.0%)
--> Average epoch processing time (seconds):  11.623287
--> Back-Propagated Loss for trainning vs validation data:
Loss Name             Train      | Valid     
----------------------------------------------
MSE                   0.594503   | 1.703516  
MSE in Void Space     0.019159   | 0.037217  
Bias Error            3.590481   | 12.509354 
Pearson Correlation   0.955894   | 0.905710  

Executing epoch 190 / 1000 (19.0%)
--> Average epoch processing time (seconds):  11.62287
--> Back-Propagated Loss for trainning vs validation data:
Loss Name             Train      | Valid     
----------------------------------------------
MSE                   0.602367   | 1.892307  
MSE in Void Space     0.019237   | 0.040802  
Bias Error            3.047719   | 12.928516 
Pearson Correlation   0.956241   | 0.906949  

Executing epoch 200 / 1000 (20.0%)
--> Average epoch processing time (seconds):  11.623584
--> Back-Propagated Loss for trainning vs validation data:
Loss Name             Train      | Valid     
----------------------------------------------
MSE                   0.589592   | 1.859453  
MSE in Void Space     0.018216   | 0.038217  
Bias Error            2.854771   | 12.200222 
Pearson Correlation   0.958516   | 0.908503  
--> New best solution for Validation dataset achieved at 209 / 1000: 1.5688761472702026 (0.922865% better)

Executing epoch 210 / 1000 (21.0%)
--> Average epoch processing time (seconds):  11.623154
--> Back-Propagated Loss for trainning vs validation data:
Loss Name             Train      | Valid     
----------------------------------------------
MSE                   0.561548   | 1.801641  
MSE in Void Space     0.017595   | 0.038064  
Bias Error            3.523057   | 12.141033 
Pearson Correlation   0.959830   | 0.906934  

Executing epoch 220 / 1000 (22.0%)
--> Average epoch processing time (seconds):  11.62339
--> Back-Propagated Loss for trainning vs validation data:
Loss Name             Train      | Valid     
----------------------------------------------
MSE                   0.530077   | 1.736909  
MSE in Void Space     0.016750   | 0.037544  
Bias Error            3.374373   | 12.017632 
Pearson Correlation   0.961386   | 0.905494  
--> New best solution for Validation dataset achieved at 228 / 1000: 1.533375807106495 (2.262788% better)

Executing epoch 230 / 1000 (23.0%)
--> Average epoch processing time (seconds):  11.622946
--> Back-Propagated Loss for trainning vs validation data:
Loss Name             Train      | Valid     
----------------------------------------------
MSE                   0.495294   | 1.724422  
MSE in Void Space     0.015476   | 0.037471  
Bias Error            3.548785   | 14.936386 
Pearson Correlation   0.964874   | 0.916365  

Executing epoch 240 / 1000 (24.0%)
--> Average epoch processing time (seconds):  11.624115
--> Back-Propagated Loss for trainning vs validation data:
Loss Name             Train      | Valid     
----------------------------------------------
MSE                   0.530775   | 1.615653  
MSE in Void Space     0.016311   | 0.034345  
Bias Error            4.622398   | 9.832026  
Pearson Correlation   0.963542   | 0.909898  
--> New best solution for Validation dataset achieved at 241 / 1000: 1.5291505455970764 (0.275553% better)
--> New best solution for Validation dataset achieved at 242 / 1000: 1.5166826695203781 (0.815347% better)
--> New best solution for Validation dataset achieved at 245 / 1000: 1.4988196417689323 (1.177770% better)

Executing epoch 250 / 1000 (25.0%)
--> Average epoch processing time (seconds):  11.623646
--> Back-Propagated Loss for trainning vs validation data:
Loss Name             Train      | Valid     
----------------------------------------------
MSE                   0.502703   | 1.665082  
MSE in Void Space     0.015471   | 0.035624  
Bias Error            3.970916   | 9.277520  
Pearson Correlation   0.965225   | 0.906659  

Executing epoch 260 / 1000 (26.0%)
--> Average epoch processing time (seconds):  11.622732
--> Back-Propagated Loss for trainning vs validation data:
Loss Name             Train      | Valid     
----------------------------------------------
MSE                   0.467921   | 1.571688  
MSE in Void Space     0.014400   | 0.035131  
Bias Error            4.414552   | 12.246992 
Pearson Correlation   0.968360   | 0.913239  

Executing epoch 270 / 1000 (27.0%)
--> Average epoch processing time (seconds):  11.623298
--> Back-Propagated Loss for trainning vs validation data:
Loss Name             Train      | Valid     
----------------------------------------------
MSE                   0.461945   | 1.698627  
MSE in Void Space     0.014210   | 0.035546  
Bias Error            2.902613   | 11.525272 
Pearson Correlation   0.967349   | 0.911476  

Executing epoch 280 / 1000 (28.0%)
--> Average epoch processing time (seconds):  11.623149
--> Back-Propagated Loss for trainning vs validation data:
Loss Name             Train      | Valid     
----------------------------------------------
MSE                   0.458537   | 1.628200  
MSE in Void Space     0.014213   | 0.034008  
Bias Error            3.686943   | 10.183993 
Pearson Correlation   0.967667   | 0.912735  

Executing epoch 290 / 1000 (29.0%)
--> Average epoch processing time (seconds):  11.622841
--> Back-Propagated Loss for trainning vs validation data:
Loss Name             Train      | Valid     
----------------------------------------------
MSE                   0.468299   | 1.856726  
MSE in Void Space     0.014355   | 0.038414  
Bias Error            3.672652   | 15.243430 
Pearson Correlation   0.968086   | 0.918460  

Executing epoch 300 / 1000 (30.0%)
--> Average epoch processing time (seconds):  11.624427
--> Back-Propagated Loss for trainning vs validation data:
Loss Name             Train      | Valid     
----------------------------------------------
MSE                   0.427927   | 1.581008  
MSE in Void Space     0.012850   | 0.033413  
Bias Error            3.712968   | 10.407423 
Pearson Correlation   0.971849   | 0.913924  

Executing epoch 310 / 1000 (31.0%)
--> Average epoch processing time (seconds):  11.624957
--> Back-Propagated Loss for trainning vs validation data:
Loss Name             Train      | Valid     
----------------------------------------------
MSE                   0.406427   | 1.703270  
MSE in Void Space     0.012179   | 0.035490  
Bias Error            2.853773   | 11.786451 
Pearson Correlation   0.972152   | 0.912703  

Executing epoch 320 / 1000 (32.0%)
--> Average epoch processing time (seconds):  11.625333
--> Back-Propagated Loss for trainning vs validation data:
Loss Name             Train      | Valid     
----------------------------------------------
MSE                   0.424495   | 1.614282  
MSE in Void Space     0.012971   | 0.034215  
Bias Error            4.634068   | 8.704502  
Pearson Correlation   0.971798   | 0.909310  
--> New best solution for Validation dataset achieved at 329 / 1000: 1.473985217511654 (1.656932% better)

Executing epoch 330 / 1000 (33.0%)
--> Average epoch processing time (seconds):  11.625371
--> Back-Propagated Loss for trainning vs validation data:
Loss Name             Train      | Valid     
----------------------------------------------
MSE                   0.399254   | 1.647236  
MSE in Void Space     0.011811   | 0.034245  
Bias Error            3.358480   | 10.002553 
Pearson Correlation   0.973181   | 0.912760  

Executing epoch 340 / 1000 (34.0%)
--> Average epoch processing time (seconds):  11.625722
--> Back-Propagated Loss for trainning vs validation data:
Loss Name             Train      | Valid     
----------------------------------------------
MSE                   0.378518   | 1.588890  
MSE in Void Space     0.010961   | 0.033457  
Bias Error            2.840212   | 11.052622 
Pearson Correlation   0.975089   | 0.917105  

Executing epoch 350 / 1000 (35.0%)
--> Average epoch processing time (seconds):  11.624684
--> Back-Propagated Loss for trainning vs validation data:
Loss Name             Train      | Valid     
----------------------------------------------
MSE                   0.400064   | 1.678379  
MSE in Void Space     0.011492   | 0.034557  
Bias Error            3.285449   | 11.800880 
Pearson Correlation   0.973853   | 0.914499  
--> New best solution for Validation dataset achieved at 360 / 1000: 1.4529801271855831 (1.425054% better)

Executing epoch 360 / 1000 (36.0%)
--> Average epoch processing time (seconds):  11.626531
--> Back-Propagated Loss for trainning vs validation data:
Loss Name             Train      | Valid     
----------------------------------------------
MSE                   0.445928   | 1.452980  
MSE in Void Space     0.013700   | 0.031997  
Bias Error            5.586861   | 7.808276  
Pearson Correlation   0.975294   | 0.914928  

Executing epoch 370 / 1000 (37.0%)
--> Average epoch processing time (seconds):  11.627336
--> Back-Propagated Loss for trainning vs validation data:
Loss Name             Train      | Valid     
----------------------------------------------
MSE                   0.381743   | 1.521357  
MSE in Void Space     0.011493   | 0.031856  
Bias Error            4.261602   | 8.016464  
Pearson Correlation   0.975384   | 0.914852  

Executing epoch 380 / 1000 (38.0%)
--> Average epoch processing time (seconds):  11.628597
--> Back-Propagated Loss for trainning vs validation data:
Loss Name             Train      | Valid     
----------------------------------------------
MSE                   0.361958   | 1.635681  
MSE in Void Space     0.010640   | 0.034043  
Bias Error            2.179831   | 12.924160 
Pearson Correlation   0.975654   | 0.917348  

Executing epoch 390 / 1000 (39.0%)
--> Average epoch processing time (seconds):  11.627648
--> Back-Propagated Loss for trainning vs validation data:
Loss Name             Train      | Valid     
----------------------------------------------
MSE                   0.384815   | 1.549630  
MSE in Void Space     0.011667   | 0.033279  
Bias Error            4.573223   | 9.885462  
Pearson Correlation   0.975076   | 0.913090  

Executing epoch 400 / 1000 (40.0%)
--> Average epoch processing time (seconds):  11.62718
--> Back-Propagated Loss for trainning vs validation data:
Loss Name             Train      | Valid     
----------------------------------------------
MSE                   0.348005   | 1.612815  
MSE in Void Space     0.010051   | 0.034220  
Bias Error            3.685014   | 11.141325 
Pearson Correlation   0.977860   | 0.913239  

Executing epoch 410 / 1000 (41.0%)
--> Average epoch processing time (seconds):  11.628039
--> Back-Propagated Loss for trainning vs validation data:
Loss Name             Train      | Valid     
----------------------------------------------
MSE                   0.375774   | 1.775120  
MSE in Void Space     0.010634   | 0.035983  
Bias Error            2.491571   | 11.747948 
Pearson Correlation   0.975899   | 0.912195  

Executing epoch 420 / 1000 (42.0%)
--> Average epoch processing time (seconds):  11.627586
--> Back-Propagated Loss for trainning vs validation data:
Loss Name             Train      | Valid     
----------------------------------------------
MSE                   0.342680   | 1.629896  
MSE in Void Space     0.009553   | 0.034471  
Bias Error            2.870537   | 12.794026 
Pearson Correlation   0.978301   | 0.916016  

Executing epoch 430 / 1000 (43.0%)
--> Average epoch processing time (seconds):  11.627741
--> Back-Propagated Loss for trainning vs validation data:
Loss Name             Train      | Valid     
----------------------------------------------
MSE                   0.347296   | 1.697984  
MSE in Void Space     0.009909   | 0.034662  
Bias Error            2.681412   | 11.697387 
Pearson Correlation   0.977777   | 0.916309  

Executing epoch 440 / 1000 (44.0%)
--> Average epoch processing time (seconds):  11.627501
--> Back-Propagated Loss for trainning vs validation data:
Loss Name             Train      | Valid     
----------------------------------------------
MSE                   0.323162   | 1.614828  
MSE in Void Space     0.008985   | 0.034491  
Bias Error            3.691229   | 11.394931 
Pearson Correlation   0.980396   | 0.912697  

Executing epoch 450 / 1000 (45.0%)
--> Average epoch processing time (seconds):  11.628298
--> Back-Propagated Loss for trainning vs validation data:
Loss Name             Train      | Valid     
----------------------------------------------
MSE                   0.381871   | 1.905437  
MSE in Void Space     0.010619   | 0.038636  
Bias Error            3.034917   | 15.551053 
Pearson Correlation   0.977127   | 0.918034  

Executing epoch 460 / 1000 (46.0%)
--> Average epoch processing time (seconds):  11.629308
--> Back-Propagated Loss for trainning vs validation data:
Loss Name             Train      | Valid     
----------------------------------------------
MSE                   0.323938   | 1.597404  
MSE in Void Space     0.008876   | 0.034612  
Bias Error            2.976231   | 12.523191 
Pearson Correlation   0.980059   | 0.917430  

Executing epoch 470 / 1000 (47.0%)
--> Average epoch processing time (seconds):  11.628975
--> Back-Propagated Loss for trainning vs validation data:
Loss Name             Train      | Valid     
----------------------------------------------
MSE                   0.323176   | 1.761844  
MSE in Void Space     0.008811   | 0.035776  
Bias Error            3.852153   | 14.327718 
Pearson Correlation   0.980685   | 0.917968  

Executing epoch 480 / 1000 (48.0%)
--> Average epoch processing time (seconds):  11.629293
--> Back-Propagated Loss for trainning vs validation data:
Loss Name             Train      | Valid     
----------------------------------------------
MSE                   0.307335   | 1.667279  
MSE in Void Space     0.008408   | 0.034485  
Bias Error            3.128665   | 10.992474 
Pearson Correlation   0.981545   | 0.914754  

Executing epoch 490 / 1000 (49.0%)
--> Average epoch processing time (seconds):  11.629621
--> Back-Propagated Loss for trainning vs validation data:
Loss Name             Train      | Valid     
----------------------------------------------
MSE                   0.305607   | 1.608822  
MSE in Void Space     0.008220   | 0.033899  
Bias Error            3.209617   | 10.659791 
Pearson Correlation   0.981747   | 0.913610  

Executing epoch 500 / 1000 (50.0%)
--> Average epoch processing time (seconds):  11.629622
--> Back-Propagated Loss for trainning vs validation data:
Loss Name             Train      | Valid     
----------------------------------------------
MSE                   0.313348   | 1.722738  
MSE in Void Space     0.008346   | 0.035278  
Bias Error            2.497279   | 13.877593 
Pearson Correlation   0.981183   | 0.917512  

Executing epoch 510 / 1000 (51.0%)
--> Average epoch processing time (seconds):  11.629398
--> Back-Propagated Loss for trainning vs validation data:
Loss Name             Train      | Valid     
----------------------------------------------
MSE                   0.324528   | 1.559067  
MSE in Void Space     0.008838   | 0.032809  
Bias Error            3.375499   | 9.535840  
Pearson Correlation   0.980826   | 0.911728  

Executing epoch 520 / 1000 (52.0%)
--> Average epoch processing time (seconds):  11.641439
--> Back-Propagated Loss for trainning vs validation data:
Loss Name             Train      | Valid     
----------------------------------------------
MSE                   0.297990   | 1.589632  
MSE in Void Space     0.007999   | 0.032444  
Bias Error            3.003538   | 11.659229 
Pearson Correlation   0.982379   | 0.919487  

Executing epoch 530 / 1000 (53.0%)
--> Average epoch processing time (seconds):  11.676733
--> Back-Propagated Loss for trainning vs validation data:
Loss Name             Train      | Valid     
----------------------------------------------
MSE                   0.296738   | 1.594488  
MSE in Void Space     0.007990   | 0.032102  
Bias Error            2.962062   | 12.958565 
Pearson Correlation   0.982209   | 0.924708  

Executing epoch 540 / 1000 (54.0%)
--> Average epoch processing time (seconds):  11.675775
--> Back-Propagated Loss for trainning vs validation data:
Loss Name             Train      | Valid     
----------------------------------------------
MSE                   0.280246   | 1.583399  
MSE in Void Space     0.007501   | 0.032531  
Bias Error            3.445024   | 8.962225  
Pearson Correlation   0.983493   | 0.916386  

Executing epoch 550 / 1000 (55.0%)
--> Average epoch processing time (seconds):  11.674182
--> Back-Propagated Loss for trainning vs validation data:
Loss Name             Train      | Valid     
----------------------------------------------
MSE                   0.286802   | 1.662472  
MSE in Void Space     0.007569   | 0.033511  
Bias Error            2.329277   | 11.842674 
Pearson Correlation   0.982732   | 0.918027  

Executing epoch 560 / 1000 (56.0%)
--> Average epoch processing time (seconds):  11.672624
--> Back-Propagated Loss for trainning vs validation data:
Loss Name             Train      | Valid     
----------------------------------------------
MSE                   0.298959   | 1.745086  
MSE in Void Space     0.008018   | 0.035926  
Bias Error            2.564578   | 12.286333 
Pearson Correlation   0.982135   | 0.913881  
Patience of 200 achieved (last update in epoch 360). Resuming training...
Ending Train ... 
Modelo PyTorch e memória associada liberados.
