[*] Loading configs from standard config file: exp/SampNumber_Etapa_3_DM_SA_DN_silveira1.json
Global seed set to 42
Current device:      cuda


Configurations:
{
    "model_name": "silveira_zyxp_1",
    "binary_input": true,
    "NN_dataset_folder": "../NN_Datasets_Grad_Dist_40_5_55/",
    "dataset_train_name": [
        "Train_Silveira_SphPore_SAug_DNorm.h5",
        "Train_Silveira_SphGrain_SAug_DNorm.h5",
        "Train_Oliveira_Leopard_SAug_DNorm.h5",
        "Train_Oliveira_CastleGate_SAug_DNorm.h5",
        "Train_Oliveira_BereaUpperGray_SAug_DNorm.h5",
        "Train_Oliveira_BereaSinterGray_SAug_DNorm.h5",
        "Train_Oliveira_BereaBuff_SAug_DNorm.h5",
        "Train_Oliveira_Berea_SAug_DNorm.h5",
        "Train_Oliveira_Bentheimer_SAug_DNorm.h5"
    ],
    "dataset_valid_name": [
        "Valid_Silveira_SphPore_SAug_DNorm.h5",
        "Valid_Silveira_SphGrain_SAug_DNorm.h5",
        "Valid_Oliveira_Leopard_SAug_DNorm.h5",
        "Valid_Oliveira_CastleGate_SAug_DNorm.h5",
        "Valid_Oliveira_BereaUpperGray_SAug_DNorm.h5",
        "Valid_Oliveira_BereaSinterGray_SAug_DNorm.h5",
        "Valid_Oliveira_BereaBuff_SAug_DNorm.h5",
        "Valid_Oliveira_Berea_SAug_DNorm.h5",
        "Valid_Oliveira_Bentheimer_SAug_DNorm.h5"
    ],
    "train_fraction": 0.125,
    "valid_fraction": 1.0,
    "batch_size": 8,
    "num_workers": 4,
    "num_threads": null,
    "device": "cuda",
    "N_epochs": 1000,
    "partial_epochs": 1000,
    "patience": 200,
    "tolerance": null,
    "learning_rate": 0.001,
    "earlyStopping_loss": "PI-MSE",
    "backPropagation_loss": "PI-MSE",
    "optimizer": "ADAM",
    "weight_init": null,
    "seed": 42,
    "train_comment": "Training refinement model",
    "NN_results_folder": "/home/gabriel.silveira/dissertacao/NN_Results/NN_Trainning_17_September_2026_03-19PM_Job28987/"
}


/home/gabriel.silveira/dissertacao/NN_Results/NN_Trainning_17_September_2026_03-19PM_Job28987/
Metadata saved at: /home/gabriel.silveira/dissertacao/NN_Results/NN_Trainning_17_September_2026_03-19PM_Job28987/metadata.json
Loading Training Data ... 
Considering 80 samples from ../NN_Datasets_Grad_Dist_40_5_55/Train_Silveira_SphPore_SAug_DNorm.h5.
Considering 80 samples from ../NN_Datasets_Grad_Dist_40_5_55/Train_Silveira_SphGrain_SAug_DNorm.h5.
Considering 25 samples from ../NN_Datasets_Grad_Dist_40_5_55/Train_Oliveira_Leopard_SAug_DNorm.h5.
Considering 25 samples from ../NN_Datasets_Grad_Dist_40_5_55/Train_Oliveira_CastleGate_SAug_DNorm.h5.
Considering 20 samples from ../NN_Datasets_Grad_Dist_40_5_55/Train_Oliveira_BereaUpperGray_SAug_DNorm.h5.
Considering 17 samples from ../NN_Datasets_Grad_Dist_40_5_55/Train_Oliveira_BereaSinterGray_SAug_DNorm.h5.
Considering 19 samples from ../NN_Datasets_Grad_Dist_40_5_55/Train_Oliveira_BereaBuff_SAug_DNorm.h5.
Considering 20 samples from ../NN_Datasets_Grad_Dist_40_5_55/Train_Oliveira_Berea_SAug_DNorm.h5.
Considering 38 samples from ../NN_Datasets_Grad_Dist_40_5_55/Train_Oliveira_Bentheimer_SAug_DNorm.h5.
  - 324 samples considered.
Loading Validation Data ... 
Considering 64 samples from ../NN_Datasets_Grad_Dist_40_5_55/Valid_Silveira_SphPore_SAug_DNorm.h5.
Considering 64 samples from ../NN_Datasets_Grad_Dist_40_5_55/Valid_Silveira_SphGrain_SAug_DNorm.h5.
Considering 24 samples from ../NN_Datasets_Grad_Dist_40_5_55/Valid_Oliveira_Leopard_SAug_DNorm.h5.
Considering 24 samples from ../NN_Datasets_Grad_Dist_40_5_55/Valid_Oliveira_CastleGate_SAug_DNorm.h5.
Considering 20 samples from ../NN_Datasets_Grad_Dist_40_5_55/Valid_Oliveira_BereaUpperGray_SAug_DNorm.h5.
Considering 20 samples from ../NN_Datasets_Grad_Dist_40_5_55/Valid_Oliveira_BereaSinterGray_SAug_DNorm.h5.
Considering 16 samples from ../NN_Datasets_Grad_Dist_40_5_55/Valid_Oliveira_BereaBuff_SAug_DNorm.h5.
Considering 20 samples from ../NN_Datasets_Grad_Dist_40_5_55/Valid_Oliveira_Berea_SAug_DNorm.h5.
Considering 36 samples from ../NN_Datasets_Grad_Dist_40_5_55/Valid_Oliveira_Bentheimer_SAug_DNorm.h5.
  - 288 samples considered.
Loading Model ... 
Model size: 19.771MB
Model size: 5179193 total parameters
Model size: 69 trainable parameters
Model size: 5179124 frozen parameters

Starting Train on cuda... 

No previous checkpoints found in /home/gabriel.silveira/dissertacao/NN_Results/NN_Trainning_17_September_2026_03-19PM_Job28987/


Trainning session has started.

--> New best solution for Validation dataset achieved at 0 / 1000: 0.8990961611270905 (100.000000% better)

Executing epoch 0 / 1000 (0.0%)
--> Average epoch processing time (seconds):  238.909291
--> Back-Propagated Loss for trainning vs validation data:
Loss Name             Train      | Valid     
----------------------------------------------
PI-MSE                0.910751   | 0.899096  
Divergent             0.048374   | 0.048295  
MSE in Void Space     0.346411   | 0.341813  
Bias Error            32336.649098 | 22787.062870
Pearson Correlation   0.658873   | 0.636500  
--> New best solution for Validation dataset achieved at 1 / 1000: 0.6511592699421777 (27.576237% better)
--> New best solution for Validation dataset achieved at 2 / 1000: 0.4977724386586083 (23.555962% better)
--> New best solution for Validation dataset achieved at 3 / 1000: 0.3958127838042047 (20.483186% better)
--> New best solution for Validation dataset achieved at 4 / 1000: 0.32570520374510026 (17.712308% better)
--> New best solution for Validation dataset achieved at 5 / 1000: 0.27523500927620465 (15.495667% better)
--> New best solution for Validation dataset achieved at 6 / 1000: 0.23821399526463616 (13.450692% better)
--> New best solution for Validation dataset achieved at 7 / 1000: 0.2107058415810267 (11.547665% better)
--> New best solution for Validation dataset achieved at 8 / 1000: 0.18877607873744434 (10.407762% better)
--> New best solution for Validation dataset achieved at 9 / 1000: 0.17222828252447975 (8.765833% better)
--> New best solution for Validation dataset achieved at 10 / 1000: 0.15924094803631306 (7.540768% better)

Executing epoch 10 / 1000 (1.0%)
--> Average epoch processing time (seconds):  239.389252
--> Back-Propagated Loss for trainning vs validation data:
Loss Name             Train      | Valid     
----------------------------------------------
PI-MSE                0.161345   | 0.159241  
Divergent             0.030458   | 0.030064  
MSE in Void Space     0.187522   | 0.187834  
Bias Error            3761.989540 | 8521.303302
Pearson Correlation   0.653495   | 0.632045  
--> New best solution for Validation dataset achieved at 11 / 1000: 0.14778043122755158 (7.196966% better)
--> New best solution for Validation dataset achieved at 12 / 1000: 0.13813682376510567 (6.525632% better)
--> New best solution for Validation dataset achieved at 13 / 1000: 0.13072129028538862 (5.368252% better)
--> New best solution for Validation dataset achieved at 14 / 1000: 0.1242043183495601 (4.985394% better)
--> New best solution for Validation dataset achieved at 15 / 1000: 0.11810077395704058 (4.914116% better)
--> New best solution for Validation dataset achieved at 16 / 1000: 0.11161577246255344 (5.491075% better)
--> New best solution for Validation dataset achieved at 17 / 1000: 0.10638626106083393 (4.685280% better)
--> New best solution for Validation dataset achieved at 18 / 1000: 0.10142761634455787 (4.660982% better)
--> New best solution for Validation dataset achieved at 19 / 1000: 0.09698808048334387 (4.377048% better)
--> New best solution for Validation dataset achieved at 20 / 1000: 0.09189220393697421 (5.254127% better)

Executing epoch 20 / 1000 (2.0%)
--> Average epoch processing time (seconds):  239.600413
--> Back-Propagated Loss for trainning vs validation data:
Loss Name             Train      | Valid     
----------------------------------------------
PI-MSE                0.092429   | 0.091892  
Divergent             0.021722   | 0.021416  
MSE in Void Space     0.136454   | 0.137703  
Bias Error            4907.302212 | 1653.732242
Pearson Correlation   0.643088   | 0.622138  
--> New best solution for Validation dataset achieved at 21 / 1000: 0.08835336772931947 (3.851073% better)
--> New best solution for Validation dataset achieved at 22 / 1000: 0.08408819511532784 (4.827402% better)
--> New best solution for Validation dataset achieved at 23 / 1000: 0.08040094779183467 (4.384976% better)
--> New best solution for Validation dataset achieved at 24 / 1000: 0.07613678576631679 (5.303622% better)
--> New best solution for Validation dataset achieved at 25 / 1000: 0.07333410469194253 (3.681113% better)
--> New best solution for Validation dataset achieved at 26 / 1000: 0.06960742806808816 (5.081778% better)
--> New best solution for Validation dataset achieved at 27 / 1000: 0.06780594173404905 (2.588066% better)
--> New best solution for Validation dataset achieved at 28 / 1000: 0.06428401016940673 (5.194134% better)
--> New best solution for Validation dataset achieved at 29 / 1000: 0.06162718776613474 (4.132944% better)
--> New best solution for Validation dataset achieved at 30 / 1000: 0.05915259269790517 (4.015428% better)

Executing epoch 30 / 1000 (3.0%)
--> Average epoch processing time (seconds):  239.751696
--> Back-Propagated Loss for trainning vs validation data:
Loss Name             Train      | Valid     
----------------------------------------------
PI-MSE                0.058858   | 0.059153  
Divergent             0.015167   | 0.015047  
MSE in Void Space     0.118852   | 0.120021  
Bias Error            1335.987941 | 1100.916407
Pearson Correlation   0.653996   | 0.633128  
--> New best solution for Validation dataset achieved at 31 / 1000: 0.057079564366075725 (3.504543% better)
--> New best solution for Validation dataset achieved at 32 / 1000: 0.05445732403960493 (4.594009% better)
--> New best solution for Validation dataset achieved at 33 / 1000: 0.052856167778372765 (2.940204% better)
--> New best solution for Validation dataset achieved at 34 / 1000: 0.05088080217440923 (3.737247% better)
--> New best solution for Validation dataset achieved at 35 / 1000: 0.049125542450282306 (3.449749% better)
--> New best solution for Validation dataset achieved at 36 / 1000: 0.047454424305922456 (3.401730% better)
--> New best solution for Validation dataset achieved at 37 / 1000: 0.04573962397666441 (3.613573% better)
--> New best solution for Validation dataset achieved at 38 / 1000: 0.0446673737735384 (2.344248% better)
--> New best solution for Validation dataset achieved at 39 / 1000: 0.043504271966715656 (2.603918% better)
--> New best solution for Validation dataset achieved at 40 / 1000: 0.04230482317507267 (2.757083% better)

Executing epoch 40 / 1000 (4.0%)
--> Average epoch processing time (seconds):  239.726543
--> Back-Propagated Loss for trainning vs validation data:
Loss Name             Train      | Valid     
----------------------------------------------
PI-MSE                0.042257   | 0.042305  
Divergent             0.010571   | 0.010589  
MSE in Void Space     0.110830   | 0.111574  
Bias Error            1101.183436 | 433.351990
Pearson Correlation   0.659849   | 0.641023  
--> New best solution for Validation dataset achieved at 41 / 1000: 0.04100393783301115 (3.075028% better)
--> New best solution for Validation dataset achieved at 42 / 1000: 0.040151818086289696 (2.078141% better)
--> New best solution for Validation dataset achieved at 43 / 1000: 0.039389082748028964 (1.899628% better)
--> New best solution for Validation dataset achieved at 44 / 1000: 0.0384592281964918 (2.360691% better)
--> New best solution for Validation dataset achieved at 45 / 1000: 0.037739992400424346 (1.870125% better)
--> New best solution for Validation dataset achieved at 46 / 1000: 0.03741650997350613 (0.857134% better)
--> New best solution for Validation dataset achieved at 47 / 1000: 0.03701075611429082 (1.084425% better)
--> New best solution for Validation dataset achieved at 48 / 1000: 0.0361133496173554 (2.424718% better)
--> New best solution for Validation dataset achieved at 49 / 1000: 0.035719705331656665 (1.090024% better)

Executing epoch 50 / 1000 (5.0%)
--> Average epoch processing time (seconds):  239.665647
--> Back-Propagated Loss for trainning vs validation data:
Loss Name             Train      | Valid     
----------------------------------------------
PI-MSE                0.036362   | 0.035840  
Divergent             0.008089   | 0.008111  
MSE in Void Space     0.108844   | 0.109079  
Bias Error            2665.287164 | 398.342257
Pearson Correlation   0.662841   | 0.641212  
--> New best solution for Validation dataset achieved at 51 / 1000: 0.03547385893762112 (0.688265% better)
--> New best solution for Validation dataset achieved at 52 / 1000: 0.03502044055817856 (1.278176% better)
--> New best solution for Validation dataset achieved at 56 / 1000: 0.034500040062185794 (1.485991% better)

Executing epoch 60 / 1000 (6.0%)
--> Average epoch processing time (seconds):  239.631194
--> Back-Propagated Loss for trainning vs validation data:
Loss Name             Train      | Valid     
----------------------------------------------
PI-MSE                0.036494   | 0.034541  
Divergent             0.007300   | 0.007233  
MSE in Void Space     0.109577   | 0.109285  
Bias Error            457.740559 | 323.763109
Pearson Correlation   0.663722   | 0.639144  
--> New best solution for Validation dataset achieved at 61 / 1000: 0.03445250582363871 (0.137780% better)
--> New best solution for Validation dataset achieved at 62 / 1000: 0.0344490478746593 (0.010037% better)
--> New best solution for Validation dataset achieved at 66 / 1000: 0.03436807858654194 (0.235041% better)
--> New best solution for Validation dataset achieved at 69 / 1000: 0.034324402558720775 (0.127083% better)
--> New best solution for Validation dataset achieved at 70 / 1000: 0.03426518917290701 (0.172511% better)

Executing epoch 70 / 1000 (7.0%)
--> Average epoch processing time (seconds):  239.614449
--> Back-Propagated Loss for trainning vs validation data:
Loss Name             Train      | Valid     
----------------------------------------------
PI-MSE                0.036169   | 0.034265  
Divergent             0.007108   | 0.006967  
MSE in Void Space     0.110999   | 0.110360  
Bias Error            391.527344 | 728.713172
Pearson Correlation   0.664759   | 0.641423  
--> New best solution for Validation dataset achieved at 71 / 1000: 0.03420088072824809 (0.187679% better)

Executing epoch 80 / 1000 (8.0%)
--> Average epoch processing time (seconds):  239.583439
--> Back-Propagated Loss for trainning vs validation data:
Loss Name             Train      | Valid     
----------------------------------------------
PI-MSE                0.036400   | 0.034419  
Divergent             0.007047   | 0.006942  
MSE in Void Space     0.111135   | 0.110667  
Bias Error            594.339501 | 2024.427371
Pearson Correlation   0.664103   | 0.641853  
--> New best solution for Validation dataset achieved at 89 / 1000: 0.03408109520872434 (0.350241% better)

Executing epoch 90 / 1000 (9.0%)
--> Average epoch processing time (seconds):  239.563979
--> Back-Propagated Loss for trainning vs validation data:
Loss Name             Train      | Valid     
----------------------------------------------
PI-MSE                0.035817   | 0.034268  
Divergent             0.006911   | 0.006891  
MSE in Void Space     0.111162   | 0.110857  
Bias Error            519.450380 | 753.793089
Pearson Correlation   0.663697   | 0.639892  

Executing epoch 100 / 1000 (10.0%)
--> Average epoch processing time (seconds):  239.546114
--> Back-Propagated Loss for trainning vs validation data:
Loss Name             Train      | Valid     
----------------------------------------------
PI-MSE                0.035742   | 0.034213  
Divergent             0.006944   | 0.006871  
MSE in Void Space     0.111274   | 0.110920  
Bias Error            666.975603 | 353.291641
Pearson Correlation   0.662559   | 0.637541  

Executing epoch 110 / 1000 (11.0%)
--> Average epoch processing time (seconds):  239.499044
--> Back-Propagated Loss for trainning vs validation data:
Loss Name             Train      | Valid     
----------------------------------------------
PI-MSE                0.035794   | 0.034518  
Divergent             0.006979   | 0.006981  
MSE in Void Space     0.111156   | 0.110822  
Bias Error            377.817574 | 526.863156
Pearson Correlation   0.662540   | 0.642066  

Executing epoch 120 / 1000 (12.0%)
--> Average epoch processing time (seconds):  239.479254
--> Back-Propagated Loss for trainning vs validation data:
Loss Name             Train      | Valid     
----------------------------------------------
PI-MSE                0.035559   | 0.034395  
Divergent             0.006925   | 0.006950  
MSE in Void Space     0.111198   | 0.110910  
Bias Error            690.108417 | 361.938376
Pearson Correlation   0.661069   | 0.640253  

Executing epoch 130 / 1000 (13.0%)
--> Average epoch processing time (seconds):  239.453864
--> Back-Propagated Loss for trainning vs validation data:
Loss Name             Train      | Valid     
----------------------------------------------
PI-MSE                0.035722   | 0.034226  
Divergent             0.006915   | 0.006889  
MSE in Void Space     0.110876   | 0.110578  
Bias Error            725.099950 | 481.659286
Pearson Correlation   0.665246   | 0.637216  

Executing epoch 140 / 1000 (14.0%)
--> Average epoch processing time (seconds):  239.430929
--> Back-Propagated Loss for trainning vs validation data:
Loss Name             Train      | Valid     
----------------------------------------------
PI-MSE                0.036337   | 0.034354  
Divergent             0.007035   | 0.006925  
MSE in Void Space     0.111860   | 0.111250  
Bias Error            562.961249 | 822.098983
Pearson Correlation   0.663568   | 0.642583  
--> New best solution for Validation dataset achieved at 145 / 1000: 0.034074282894531883 (0.019989% better)

Executing epoch 150 / 1000 (15.0%)
--> Average epoch processing time (seconds):  239.412311
--> Back-Propagated Loss for trainning vs validation data:
Loss Name             Train      | Valid     
----------------------------------------------
PI-MSE                0.035750   | 0.034518  
Divergent             0.007006   | 0.006998  
MSE in Void Space     0.111657   | 0.111394  
Bias Error            470.711284 | 682.081066
Pearson Correlation   0.663463   | 0.641920  

Executing epoch 160 / 1000 (16.0%)
--> Average epoch processing time (seconds):  239.410209
--> Back-Propagated Loss for trainning vs validation data:
Loss Name             Train      | Valid     
----------------------------------------------
PI-MSE                0.035809   | 0.034263  
Divergent             0.006940   | 0.006837  
MSE in Void Space     0.112142   | 0.111495  
Bias Error            615.535170 | 393.674804
Pearson Correlation   0.664208   | 0.640083  

Executing epoch 170 / 1000 (17.0%)
--> Average epoch processing time (seconds):  239.399034
--> Back-Propagated Loss for trainning vs validation data:
Loss Name             Train      | Valid     
----------------------------------------------
PI-MSE                0.036163   | 0.034198  
Divergent             0.006963   | 0.006857  
MSE in Void Space     0.111305   | 0.110794  
Bias Error            705.176216 | 1046.603014
Pearson Correlation   0.665020   | 0.637280  
--> New best solution for Validation dataset achieved at 180 / 1000: 0.03403090576951703 (0.127302% better)

Executing epoch 180 / 1000 (18.0%)
--> Average epoch processing time (seconds):  239.39859
--> Back-Propagated Loss for trainning vs validation data:
Loss Name             Train      | Valid     
----------------------------------------------
PI-MSE                0.036065   | 0.034031  
Divergent             0.007008   | 0.006800  
MSE in Void Space     0.110909   | 0.110178  
Bias Error            605.759478 | 620.750391
Pearson Correlation   0.664321   | 0.635704  

Executing epoch 190 / 1000 (19.0%)
--> Average epoch processing time (seconds):  239.394479
--> Back-Propagated Loss for trainning vs validation data:
Loss Name             Train      | Valid     
----------------------------------------------
PI-MSE                0.036545   | 0.034502  
Divergent             0.006957   | 0.006951  
MSE in Void Space     0.111815   | 0.111409  
Bias Error            854.387740 | 664.259288
Pearson Correlation   0.664111   | 0.641977  
--> New best solution for Validation dataset achieved at 196 / 1000: 0.033892592725654445 (0.406434% better)

Executing epoch 200 / 1000 (20.0%)
--> Average epoch processing time (seconds):  239.395757
--> Back-Propagated Loss for trainning vs validation data:
Loss Name             Train      | Valid     
----------------------------------------------
PI-MSE                0.035553   | 0.034476  
Divergent             0.006907   | 0.006982  
MSE in Void Space     0.110374   | 0.110506  
Bias Error            391.302608 | 276.254212
Pearson Correlation   0.662399   | 0.642329  

Executing epoch 210 / 1000 (21.0%)
--> Average epoch processing time (seconds):  239.392505
--> Back-Propagated Loss for trainning vs validation data:
Loss Name             Train      | Valid     
----------------------------------------------
PI-MSE                0.035909   | 0.034216  
Divergent             0.007039   | 0.006912  
MSE in Void Space     0.110691   | 0.110112  
Bias Error            242.447588 | 336.581940
Pearson Correlation   0.665451   | 0.637391  

Executing epoch 220 / 1000 (22.0%)
--> Average epoch processing time (seconds):  239.389995
--> Back-Propagated Loss for trainning vs validation data:
Loss Name             Train      | Valid     
----------------------------------------------
PI-MSE                0.035869   | 0.034257  
Divergent             0.006966   | 0.006924  
MSE in Void Space     0.110707   | 0.110422  
Bias Error            373.136916 | 383.928120
Pearson Correlation   0.659777   | 0.638853  

Executing epoch 230 / 1000 (23.0%)
--> Average epoch processing time (seconds):  239.391309
--> Back-Propagated Loss for trainning vs validation data:
Loss Name             Train      | Valid     
----------------------------------------------
PI-MSE                0.035946   | 0.034478  
Divergent             0.007068   | 0.006998  
MSE in Void Space     0.111808   | 0.111545  
Bias Error            710.975933 | 2159.411043
Pearson Correlation   0.664958   | 0.643009  

Executing epoch 240 / 1000 (24.0%)
--> Average epoch processing time (seconds):  239.390603
--> Back-Propagated Loss for trainning vs validation data:
Loss Name             Train      | Valid     
----------------------------------------------
PI-MSE                0.036096   | 0.033953  
Divergent             0.006867   | 0.006747  
MSE in Void Space     0.111090   | 0.110558  
Bias Error            353.963018 | 460.232871
Pearson Correlation   0.662422   | 0.637899  

Executing epoch 250 / 1000 (25.0%)
--> Average epoch processing time (seconds):  239.393087
--> Back-Propagated Loss for trainning vs validation data:
Loss Name             Train      | Valid     
----------------------------------------------
PI-MSE                0.035829   | 0.034521  
Divergent             0.007022   | 0.007044  
MSE in Void Space     0.110961   | 0.110608  
Bias Error            906.643949 | 1004.368220
Pearson Correlation   0.663879   | 0.639971  

Executing epoch 260 / 1000 (26.0%)
--> Average epoch processing time (seconds):  239.392507
--> Back-Propagated Loss for trainning vs validation data:
Loss Name             Train      | Valid     
----------------------------------------------
PI-MSE                0.036299   | 0.034384  
Divergent             0.007084   | 0.006969  
MSE in Void Space     0.110308   | 0.109932  
Bias Error            470.817561 | 378.319475
Pearson Correlation   0.665577   | 0.641007  
