Initializing Neural Network Models...
Total Samples: 18 | Dividing into 18 chunks (~1 samples/job).
-> Setting up sample: Sample_00000 (Chunk 000)
  -> Calculating pressure drop
  -> Creating prediction
-> Setting up sample: Sample_00001 (Chunk 001)
  -> Calculating pressure drop
  -> Creating prediction
-> Setting up sample: Sample_00002 (Chunk 002)
  -> Calculating pressure drop
  -> Creating prediction
-> Setting up sample: Sample_00003 (Chunk 003)
  -> Calculating pressure drop
  -> Creating prediction
-> Setting up sample: Sample_00004 (Chunk 004)
  -> Calculating pressure drop
  -> Creating prediction
-> Setting up sample: Sample_00005 (Chunk 005)
  -> Calculating pressure drop
  -> Creating prediction
-> Setting up sample: Sample_00006 (Chunk 006)
  -> Calculating pressure drop
  -> Creating prediction
-> Setting up sample: Sample_00010 (Chunk 007)
  -> Calculating pressure drop
  -> Creating prediction
-> Setting up sample: Sample_00011 (Chunk 008)
  -> Calculating pressure drop
  -> Creating prediction
-> Setting up sample: Sample_00012 (Chunk 009)
  -> Calculating pressure drop
  -> Creating prediction
-> Setting up sample: Sample_00013 (Chunk 010)
  -> Calculating pressure drop
  -> Creating prediction
-> Setting up sample: Sample_00014 (Chunk 011)
  -> Calculating pressure drop
  -> Creating prediction
-> Setting up sample: Sample_00018 (Chunk 012)
  -> Calculating pressure drop
  -> Creating prediction
-> Setting up sample: Sample_00020 (Chunk 013)
  -> Calculating pressure drop
  -> Creating prediction
-> Setting up sample: Sample_00021 (Chunk 014)
  -> Calculating pressure drop
  -> Creating prediction
-> Setting up sample: Sample_00022 (Chunk 015)
  -> Calculating pressure drop
  -> Creating prediction
-> Setting up sample: Sample_00023 (Chunk 016)
  -> Calculating pressure drop
  -> Creating prediction
-> Setting up sample: Sample_00024 (Chunk 017)
  -> Calculating pressure drop
  -> Creating prediction
Setup complete! Master submission script ready at: ../TestSpeedUp_Simulations_BiggerCrops/IC_Ketton_256_256_256/submit_all_jobs.sh
