[*] Resuming/Loading configs from results folder: ../NN_Results/../NN_Results/NN_Trainning_18_September_2026_07-20PM_Job29580/metadata.json
Global seed set to 42
Current device:      cuda


Configurations:
{
    "model_name": "silveira_zyxp_4",
    "binary_input": true,
    "NN_dataset_folder": "../NN_Datasets_Grad_Dist_40_5_55/",
    "dataset_train_name": [
        "Train_Silveira_SphPore_SAug_DNorm.h5",
        "Train_Silveira_SphGrain_SAug_DNorm.h5",
        "Train_Oliveira_Leopard_SAug_DNorm.h5",
        "Train_Oliveira_CastleGate_SAug_DNorm.h5",
        "Train_Oliveira_BereaUpperGray_SAug_DNorm.h5",
        "Train_Oliveira_BereaSinterGray_SAug_DNorm.h5",
        "Train_Oliveira_BereaBuff_SAug_DNorm.h5",
        "Train_Oliveira_Berea_SAug_DNorm.h5",
        "Train_Oliveira_Bentheimer_SAug_DNorm.h5"
    ],
    "dataset_valid_name": [
        "Valid_Silveira_SphPore_SAug_DNorm.h5",
        "Valid_Silveira_SphGrain_SAug_DNorm.h5",
        "Valid_Oliveira_Leopard_SAug_DNorm.h5",
        "Valid_Oliveira_CastleGate_SAug_DNorm.h5",
        "Valid_Oliveira_BereaUpperGray_SAug_DNorm.h5",
        "Valid_Oliveira_BereaSinterGray_SAug_DNorm.h5",
        "Valid_Oliveira_BereaBuff_SAug_DNorm.h5",
        "Valid_Oliveira_Berea_SAug_DNorm.h5",
        "Valid_Oliveira_Bentheimer_SAug_DNorm.h5"
    ],
    "train_fraction": 0.125,
    "valid_fraction": 1.0,
    "batch_size": 8,
    "num_workers": 4,
    "num_threads": null,
    "device": "cuda",
    "N_epochs": 2000,
    "partial_epochs": 2000,
    "patience": 200,
    "tolerance": null,
    "learning_rate": 0.001,
    "earlyStopping_loss": "PI-MSE",
    "backPropagation_loss": "PI-MSE",
    "optimizer": "ADAM",
    "weight_init": null,
    "seed": 42,
    "train_comment": "Training refinement model",
    "NN_results_folder": "../NN_Results/NN_Trainning_18_September_2026_07-20PM_Job29580/",
    "loss_functions": {
        "PI-MSE": {
            "Thresholded": false,
            "obj": "MSE_Divergent(\n  (div): Divergent()\n  (mse): MSELoss()\n)"
        },
        "Divergent": {
            "Thresholded": true,
            "obj": "Divergent()"
        },
        "MSE in Void Space": {
            "Thresholded": true,
            "obj": "Mask_LossFunction(\n  (lossFunction): MSELoss()\n)"
        },
        "Bias Error": {
            "Thresholded": true,
            "obj": "Mask_LossFunction(\n  (lossFunction): MeanBiasError()\n)"
        },
        "Pearson Correlation": {
            "Thresholded": true,
            "obj": "Mask_LossFunction(\n  (lossFunction): PearsonCorr()\n)"
        }
    }
}


../NN_Results/NN_Trainning_18_September_2026_07-20PM_Job29580/
Metadata saved at: ../NN_Results/NN_Trainning_18_September_2026_07-20PM_Job29580/metadata.json
Loading Training Data ... 
Considering 80 samples from ../NN_Datasets_Grad_Dist_40_5_55/Train_Silveira_SphPore_SAug_DNorm.h5.
Considering 80 samples from ../NN_Datasets_Grad_Dist_40_5_55/Train_Silveira_SphGrain_SAug_DNorm.h5.
Considering 25 samples from ../NN_Datasets_Grad_Dist_40_5_55/Train_Oliveira_Leopard_SAug_DNorm.h5.
Considering 25 samples from ../NN_Datasets_Grad_Dist_40_5_55/Train_Oliveira_CastleGate_SAug_DNorm.h5.
Considering 20 samples from ../NN_Datasets_Grad_Dist_40_5_55/Train_Oliveira_BereaUpperGray_SAug_DNorm.h5.
Considering 17 samples from ../NN_Datasets_Grad_Dist_40_5_55/Train_Oliveira_BereaSinterGray_SAug_DNorm.h5.
Considering 19 samples from ../NN_Datasets_Grad_Dist_40_5_55/Train_Oliveira_BereaBuff_SAug_DNorm.h5.
Considering 20 samples from ../NN_Datasets_Grad_Dist_40_5_55/Train_Oliveira_Berea_SAug_DNorm.h5.
Considering 38 samples from ../NN_Datasets_Grad_Dist_40_5_55/Train_Oliveira_Bentheimer_SAug_DNorm.h5.
  - 324 samples considered.
Loading Validation Data ... 
Considering 64 samples from ../NN_Datasets_Grad_Dist_40_5_55/Valid_Silveira_SphPore_SAug_DNorm.h5.
Considering 64 samples from ../NN_Datasets_Grad_Dist_40_5_55/Valid_Silveira_SphGrain_SAug_DNorm.h5.
Considering 24 samples from ../NN_Datasets_Grad_Dist_40_5_55/Valid_Oliveira_Leopard_SAug_DNorm.h5.
Considering 24 samples from ../NN_Datasets_Grad_Dist_40_5_55/Valid_Oliveira_CastleGate_SAug_DNorm.h5.
Considering 20 samples from ../NN_Datasets_Grad_Dist_40_5_55/Valid_Oliveira_BereaUpperGray_SAug_DNorm.h5.
Considering 20 samples from ../NN_Datasets_Grad_Dist_40_5_55/Valid_Oliveira_BereaSinterGray_SAug_DNorm.h5.
Considering 16 samples from ../NN_Datasets_Grad_Dist_40_5_55/Valid_Oliveira_BereaBuff_SAug_DNorm.h5.
Considering 20 samples from ../NN_Datasets_Grad_Dist_40_5_55/Valid_Oliveira_Berea_SAug_DNorm.h5.
Considering 36 samples from ../NN_Datasets_Grad_Dist_40_5_55/Valid_Oliveira_Bentheimer_SAug_DNorm.h5.
  - 288 samples considered.
Loading Model ... 
Model size: 19.779MB
Model size: 5181092 total parameters
Model size: 1968 trainable parameters
Model size: 5179124 frozen parameters

Starting Train on cuda... 

Loading Checkpoint from ../NN_Results/NN_Trainning_18_September_2026_07-20PM_Job29580/train_checkpoint_756...
Resuming from Epoch 757


Trainning session has started.

Patience of 200 achieved (last update in epoch 555). Resuming training...
Ending Train ... 
Modelo PyTorch e memória associada liberados.
