[*] Loading configs from standard config file: exp/Etapa_2_DM_SA_DN_javier_z.json
Global seed set to 42
Current device:      cuda


Configurations:
{
    "model_name": "javier_z",
    "binary_input": false,
    "NN_dataset_folder": "../NN_Datasets_Grad_Dist_40_5_55/",
    "dataset_train_name": [
        "Train_Silveira_SphPore_SAug_DNorm.h5",
        "Train_Silveira_SphGrain_SAug_DNorm.h5"
    ],
    "dataset_valid_name": [
        "Valid_Silveira_SphPore_SAug_DNorm.h5",
        "Valid_Silveira_SphGrain_SAug_DNorm.h5"
    ],
    "train_range": null,
    "valid_range": null,
    "batch_size": 8,
    "num_workers": 4,
    "num_threads": null,
    "device": "cuda",
    "N_epochs": 1000,
    "partial_epochs": 1000,
    "patience": 200,
    "tolerance": null,
    "learning_rate": 0.0006,
    "earlyStopping_loss": "MSE",
    "backPropagation_loss": "MSE",
    "optimizer": "ADAM",
    "weight_init": null,
    "seed": 42,
    "train_comment": "Teste de multiplos datasets.",
    "NN_results_folder": "/home/gabriel.silveira/dissertacao/NN_Results/NN_Trainning_10_September_2026_12-32PM_Job28376/"
}


/home/gabriel.silveira/dissertacao/NN_Results/NN_Trainning_10_September_2026_12-32PM_Job28376/
Metadata saved at: /home/gabriel.silveira/dissertacao/NN_Results/NN_Trainning_10_September_2026_12-32PM_Job28376/metadata.json
Loading Training Data ... 
Considering 640 samples from ../NN_Datasets_Grad_Dist_40_5_55/Train_Silveira_SphPore_SAug_DNorm.h5.
Considering 640 samples from ../NN_Datasets_Grad_Dist_40_5_55/Train_Silveira_SphGrain_SAug_DNorm.h5.
  - 1280 samples considered.
Loading Validation Data ... 
Considering 64 samples from ../NN_Datasets_Grad_Dist_40_5_55/Valid_Silveira_SphPore_SAug_DNorm.h5.
Considering 64 samples from ../NN_Datasets_Grad_Dist_40_5_55/Valid_Silveira_SphGrain_SAug_DNorm.h5.
  - 128 samples considered.
Loading Model ... 
Number of Filters:  [128, 32, 8, 2]
Number of Filters:  [128, 32, 8, 2]
Number of Filters:  [128, 32, 8, 2]
Number of Filters:  [128, 32, 8, 2]
Model size: 7.226MB
Model size: 1894156 total parameters
Model size: 1894156 trainable parameters
Model size: 0 frozen parameters

Starting Train on cuda... 

No previous checkpoints found in /home/gabriel.silveira/dissertacao/NN_Results/NN_Trainning_10_September_2026_12-32PM_Job28376/


Trainning session has started.

--> New best solution for Validation dataset achieved at 0 / 1000: 6073.592121124268 (100.000000% better)

Executing epoch 0 / 1000 (0.0%)
--> Average epoch processing time (seconds):  74.985771
--> Back-Propagated Loss for trainning vs validation data:
Loss Name             Train      | Valid     
----------------------------------------------
MSE                   64585.203125 | 6073.592121
MSE in Void Space     12.287200  | 11.434262 
Bias Error            105.655092 | 106.245777
Pearson Correlation   -0.111629  | -0.118094 
--> New best solution for Validation dataset achieved at 1 / 1000: 308.3411195278168 (94.923249% better)
--> New best solution for Validation dataset achieved at 2 / 1000: 147.9073349237442 (52.031265% better)
--> New best solution for Validation dataset achieved at 3 / 1000: 106.59022748470306 (27.934455% better)
--> New best solution for Validation dataset achieved at 4 / 1000: 94.1588254570961 (11.662797% better)
--> New best solution for Validation dataset achieved at 5 / 1000: 81.83518135547638 (13.088146% better)
--> New best solution for Validation dataset achieved at 6 / 1000: 76.77124971151352 (6.187964% better)
--> New best solution for Validation dataset achieved at 10 / 1000: 48.896176397800446 (36.309261% better)

Executing epoch 10 / 1000 (1.0%)
--> Average epoch processing time (seconds):  77.038429
--> Back-Propagated Loss for trainning vs validation data:
Loss Name             Train      | Valid     
----------------------------------------------
MSE                   348.500219 | 48.896176 
MSE in Void Space     0.147039   | 0.127813  
Bias Error            22.886688  | 26.792759 
Pearson Correlation   -0.045898  | -0.036222 
--> New best solution for Validation dataset achieved at 11 / 1000: 45.211021065711975 (7.536694% better)
--> New best solution for Validation dataset achieved at 14 / 1000: 35.40229272842407 (21.695436% better)
--> New best solution for Validation dataset achieved at 20 / 1000: 31.072310507297516 (12.230796% better)

Executing epoch 20 / 1000 (2.0%)
--> Average epoch processing time (seconds):  76.755431
--> Back-Propagated Loss for trainning vs validation data:
Loss Name             Train      | Valid     
----------------------------------------------
MSE                   178.890610 | 31.072311 
MSE in Void Space     0.155695   | 0.137182  
Bias Error            49.885578  | 46.817184 
Pearson Correlation   -0.035391  | -0.022960 
--> New best solution for Validation dataset achieved at 21 / 1000: 25.714226186275482 (17.243920% better)
--> New best solution for Validation dataset achieved at 25 / 1000: 15.518883109092712 (39.648648% better)
--> New best solution for Validation dataset achieved at 26 / 1000: 14.497231483459473 (6.583281% better)
--> New best solution for Validation dataset achieved at 27 / 1000: 12.210666835308075 (15.772423% better)
--> New best solution for Validation dataset achieved at 28 / 1000: 11.986573278903961 (1.835228% better)
--> New best solution for Validation dataset achieved at 29 / 1000: 11.638076543807983 (2.907393% better)

Executing epoch 30 / 1000 (3.0%)
--> Average epoch processing time (seconds):  76.583183
--> Back-Propagated Loss for trainning vs validation data:
Loss Name             Train      | Valid     
----------------------------------------------
MSE                   1926.766369 | 218.722792
MSE in Void Space     0.634521   | 0.591288  
Bias Error            95.343398  | 95.625098 
Pearson Correlation   -0.044125  | -0.045020 

Executing epoch 40 / 1000 (4.0%)
--> Average epoch processing time (seconds):  76.56941
--> Back-Propagated Loss for trainning vs validation data:
Loss Name             Train      | Valid     
----------------------------------------------
MSE                   113.069523 | 24.689945 
MSE in Void Space     0.207976   | 0.184223  
Bias Error            105.459736 | 106.201217
Pearson Correlation   -0.138228  | -0.141513 
--> New best solution for Validation dataset achieved at 43 / 1000: 10.891697704792023 (6.413249% better)

Executing epoch 50 / 1000 (5.0%)
--> Average epoch processing time (seconds):  76.51412
--> Back-Propagated Loss for trainning vs validation data:
Loss Name             Train      | Valid     
----------------------------------------------
MSE                   1648.360304 | 199.093250
MSE in Void Space     0.528746   | 0.497177  
Bias Error            123.356111 | 123.268393
Pearson Correlation   -0.074136  | -0.079376 

Executing epoch 60 / 1000 (6.0%)
--> Average epoch processing time (seconds):  76.4971
--> Back-Propagated Loss for trainning vs validation data:
Loss Name             Train      | Valid     
----------------------------------------------
MSE                   284.067204 | 42.293928 
MSE in Void Space     0.215707   | 0.195267  
Bias Error            106.570873 | 106.740866
Pearson Correlation   -0.118881  | -0.114573 
--> New best solution for Validation dataset achieved at 61 / 1000: 10.692905008792877 (1.825176% better)
--> New best solution for Validation dataset achieved at 64 / 1000: 9.291551768779755 (13.105449% better)

Executing epoch 70 / 1000 (7.0%)
--> Average epoch processing time (seconds):  76.481055
--> Back-Propagated Loss for trainning vs validation data:
Loss Name             Train      | Valid     
----------------------------------------------
MSE                   74.884064  | 17.672479 
MSE in Void Space     0.187156   | 0.166387  
Bias Error            99.723153  | 99.839505 
Pearson Correlation   0.028977   | 0.030118  

Executing epoch 80 / 1000 (8.0%)
--> Average epoch processing time (seconds):  76.479172
--> Back-Propagated Loss for trainning vs validation data:
Loss Name             Train      | Valid     
----------------------------------------------
MSE                   27.260429  | 9.879073  
MSE in Void Space     0.161105   | 0.142277  
Bias Error            95.099732  | 94.902552 
Pearson Correlation   0.275726   | 0.281828  

Executing epoch 90 / 1000 (9.0%)
--> Average epoch processing time (seconds):  77.326459
--> Back-Propagated Loss for trainning vs validation data:
Loss Name             Train      | Valid     
----------------------------------------------
MSE                   26.271720  | 11.626993 
MSE in Void Space     0.189540   | 0.169117  
Bias Error            105.942754 | 105.770191
Pearson Correlation   -0.102920  | -0.100155 

Executing epoch 100 / 1000 (10.0%)
--> Average epoch processing time (seconds):  77.233074
--> Back-Propagated Loss for trainning vs validation data:
Loss Name             Train      | Valid     
----------------------------------------------
MSE                   134.694044 | 28.663998 
MSE in Void Space     0.233245   | 0.215606  
Bias Error            126.081023 | 125.440481
Pearson Correlation   -0.198566  | -0.197226 

Executing epoch 110 / 1000 (11.0%)
--> Average epoch processing time (seconds):  77.155264
--> Back-Propagated Loss for trainning vs validation data:
Loss Name             Train      | Valid     
----------------------------------------------
MSE                   20.087846  | 10.170426 
MSE in Void Space     0.165112   | 0.147145  
Bias Error            94.033145  | 93.978142 
Pearson Correlation   0.144269   | 0.147047  

Executing epoch 120 / 1000 (12.0%)
--> Average epoch processing time (seconds):  77.109888
--> Back-Propagated Loss for trainning vs validation data:
Loss Name             Train      | Valid     
----------------------------------------------
MSE                   1497.764531 | 200.691878
MSE in Void Space     0.401947   | 0.377790  
Bias Error            184.830877 | 189.464664
Pearson Correlation   -0.168995  | -0.174663 

Executing epoch 130 / 1000 (13.0%)
--> Average epoch processing time (seconds):  77.063014
--> Back-Propagated Loss for trainning vs validation data:
Loss Name             Train      | Valid     
----------------------------------------------
MSE                   39.345971  | 15.543129 
MSE in Void Space     0.204502   | 0.187410  
Bias Error            114.255881 | 113.934848
Pearson Correlation   -0.155955  | -0.158451 

Executing epoch 140 / 1000 (14.0%)
--> Average epoch processing time (seconds):  77.025888
--> Back-Propagated Loss for trainning vs validation data:
Loss Name             Train      | Valid     
----------------------------------------------
MSE                   23.217982  | 11.049989 
MSE in Void Space     0.178164   | 0.161789  
Bias Error            102.359811 | 102.141190
Pearson Correlation   -0.042196  | -0.045435 

Executing epoch 150 / 1000 (15.0%)
--> Average epoch processing time (seconds):  77.007428
--> Back-Propagated Loss for trainning vs validation data:
Loss Name             Train      | Valid     
----------------------------------------------
MSE                   13.911223  | 9.530903  
MSE in Void Space     0.168199   | 0.149975  
Bias Error            97.416192  | 97.189673 
Pearson Correlation   0.084626   | 0.079585  
--> New best solution for Validation dataset achieved at 151 / 1000: 9.031523019075394 (2.798550% better)

Executing epoch 160 / 1000 (16.0%)
--> Average epoch processing time (seconds):  76.994062
--> Back-Propagated Loss for trainning vs validation data:
Loss Name             Train      | Valid     
----------------------------------------------
MSE                   19.803859  | 9.836406  
MSE in Void Space     0.157249   | 0.137179  
Bias Error            88.308645  | 88.092644 
Pearson Correlation   0.200927   | 0.211817  

Executing epoch 170 / 1000 (17.0%)
--> Average epoch processing time (seconds):  76.945339
--> Back-Propagated Loss for trainning vs validation data:
Loss Name             Train      | Valid     
----------------------------------------------
MSE                   26.854006  | 12.620377 
MSE in Void Space     0.190659   | 0.168038  
Bias Error            111.013519 | 111.621210
Pearson Correlation   -0.173063  | -0.200999 

Executing epoch 180 / 1000 (18.0%)
--> Average epoch processing time (seconds):  76.913862
--> Back-Propagated Loss for trainning vs validation data:
Loss Name             Train      | Valid     
----------------------------------------------
MSE                   34.918883  | 11.366950 
MSE in Void Space     0.180280   | 0.156142  
Bias Error            105.447824 | 105.675747
Pearson Correlation   0.038340   | 0.024027  

Executing epoch 190 / 1000 (19.0%)
--> Average epoch processing time (seconds):  76.898079
--> Back-Propagated Loss for trainning vs validation data:
Loss Name             Train      | Valid     
----------------------------------------------
MSE                   41.411966  | 15.367610 
MSE in Void Space     0.188524   | 0.171105  
Bias Error            108.387460 | 108.440145
Pearson Correlation   -0.103187  | -0.102552 

Executing epoch 200 / 1000 (20.0%)
--> Average epoch processing time (seconds):  76.883763
--> Back-Propagated Loss for trainning vs validation data:
Loss Name             Train      | Valid     
----------------------------------------------
MSE                   17.328944  | 10.101812 
MSE in Void Space     0.166366   | 0.149565  
Bias Error            94.435279  | 94.540397 
Pearson Correlation   0.111693   | 0.113086  

Executing epoch 210 / 1000 (21.0%)
--> Average epoch processing time (seconds):  76.866678
--> Back-Propagated Loss for trainning vs validation data:
Loss Name             Train      | Valid     
----------------------------------------------
MSE                   28.921460  | 11.456446 
MSE in Void Space     0.158827   | 0.138329  
Bias Error            89.784952  | 89.428125 
Pearson Correlation   0.202907   | 0.209128  

Executing epoch 220 / 1000 (22.0%)
--> Average epoch processing time (seconds):  76.851973
--> Back-Propagated Loss for trainning vs validation data:
Loss Name             Train      | Valid     
----------------------------------------------
MSE                   19.938734  | 10.519451 
MSE in Void Space     0.164294   | 0.142914  
Bias Error            95.003089  | 94.667419 
Pearson Correlation   0.206297   | 0.202561  
--> New best solution for Validation dataset achieved at 224 / 1000: 8.964573383331299 (0.741288% better)

Executing epoch 230 / 1000 (23.0%)
--> Average epoch processing time (seconds):  76.865908
--> Back-Propagated Loss for trainning vs validation data:
Loss Name             Train      | Valid     
----------------------------------------------
MSE                   51.423242  | 14.846412 
MSE in Void Space     0.206834   | 0.185092  
Bias Error            115.932062 | 115.888839
Pearson Correlation   -0.109115  | -0.104448 

Executing epoch 240 / 1000 (24.0%)
--> Average epoch processing time (seconds):  76.874945
--> Back-Propagated Loss for trainning vs validation data:
Loss Name             Train      | Valid     
----------------------------------------------
MSE                   55.054404  | 14.262451 
MSE in Void Space     0.163592   | 0.138735  
Bias Error            90.459200  | 88.871931 
Pearson Correlation   0.107074   | 0.116488  

Executing epoch 250 / 1000 (25.0%)
--> Average epoch processing time (seconds):  76.886621
--> Back-Propagated Loss for trainning vs validation data:
Loss Name             Train      | Valid     
----------------------------------------------
MSE                   363.926254 | 53.141746 
MSE in Void Space     0.183318   | 0.163182  
Bias Error            92.866196  | 92.364794 
Pearson Correlation   0.055950   | 0.051597  

Executing epoch 260 / 1000 (26.0%)
--> Average epoch processing time (seconds):  76.89827
--> Back-Propagated Loss for trainning vs validation data:
Loss Name             Train      | Valid     
----------------------------------------------
MSE                   17.687423  | 10.690253 
MSE in Void Space     0.171510   | 0.150606  
Bias Error            98.857443  | 98.761502 
Pearson Correlation   0.035649   | 0.036461  

Executing epoch 270 / 1000 (27.0%)
--> Average epoch processing time (seconds):  76.916771
--> Back-Propagated Loss for trainning vs validation data:
Loss Name             Train      | Valid     
----------------------------------------------
MSE                   314.099506 | 40.520228 
MSE in Void Space     0.158948   | 0.141065  
Bias Error            84.051198  | 83.676869 
Pearson Correlation   0.125028   | 0.122737  

Executing epoch 280 / 1000 (28.0%)
--> Average epoch processing time (seconds):  76.937072
--> Back-Propagated Loss for trainning vs validation data:
Loss Name             Train      | Valid     
----------------------------------------------
MSE                   42.824496  | 10.781205 
MSE in Void Space     0.147425   | 0.127016  
Bias Error            78.872359  | 77.871313 
Pearson Correlation   0.247756   | 0.259326  
--> New best solution for Validation dataset achieved at 286 / 1000: 8.857852190732956 (1.190477% better)
--> New best solution for Validation dataset achieved at 287 / 1000: 8.588044434785843 (3.045973% better)

Executing epoch 290 / 1000 (29.0%)
--> Average epoch processing time (seconds):  76.957838
--> Back-Propagated Loss for trainning vs validation data:
Loss Name             Train      | Valid     
----------------------------------------------
MSE                   15.908409  | 9.913008  
MSE in Void Space     0.160981   | 0.145170  
Bias Error            91.709794  | 91.720289 
Pearson Correlation   0.179228   | 0.182444  

Executing epoch 300 / 1000 (30.0%)
--> Average epoch processing time (seconds):  76.980957
--> Back-Propagated Loss for trainning vs validation data:
Loss Name             Train      | Valid     
----------------------------------------------
MSE                   15.308310  | 9.102621  
MSE in Void Space     0.168276   | 0.151597  
Bias Error            96.239164  | 96.218000 
Pearson Correlation   0.108672   | 0.111815  

Executing epoch 310 / 1000 (31.0%)
--> Average epoch processing time (seconds):  76.998181
--> Back-Propagated Loss for trainning vs validation data:
Loss Name             Train      | Valid     
----------------------------------------------
MSE                   100.711948 | 22.203472 
MSE in Void Space     0.181912   | 0.160955  
Bias Error            96.348695  | 96.016845 
Pearson Correlation   -0.102826  | -0.105864 

Executing epoch 320 / 1000 (32.0%)
--> Average epoch processing time (seconds):  77.015126
--> Back-Propagated Loss for trainning vs validation data:
Loss Name             Train      | Valid     
----------------------------------------------
MSE                   142.011248 | 30.358363 
MSE in Void Space     0.197613   | 0.178642  
Bias Error            106.221832 | 105.902384
Pearson Correlation   -0.045834  | -0.047556 

Executing epoch 330 / 1000 (33.0%)
--> Average epoch processing time (seconds):  77.03739
--> Back-Propagated Loss for trainning vs validation data:
Loss Name             Train      | Valid     
----------------------------------------------
MSE                   50.057226  | 12.344553 
MSE in Void Space     0.163947   | 0.144722  
Bias Error            92.552874  | 92.184320 
Pearson Correlation   0.140448   | 0.141696  

Executing epoch 340 / 1000 (34.0%)
--> Average epoch processing time (seconds):  77.043572
--> Back-Propagated Loss for trainning vs validation data:
Loss Name             Train      | Valid     
----------------------------------------------
MSE                   1039.841384 | 132.612653
MSE in Void Space     0.213474   | 0.195193  
Bias Error            90.770994  | 90.577891 
Pearson Correlation   -0.032873  | -0.032675 

Executing epoch 350 / 1000 (35.0%)
--> Average epoch processing time (seconds):  77.037839
--> Back-Propagated Loss for trainning vs validation data:
Loss Name             Train      | Valid     
----------------------------------------------
MSE                   75.052132  | 17.823475 
MSE in Void Space     0.171548   | 0.150193  
Bias Error            97.560478  | 97.312565 
Pearson Correlation   0.043318   | 0.042023  

Executing epoch 360 / 1000 (36.0%)
--> Average epoch processing time (seconds):  77.040611
--> Back-Propagated Loss for trainning vs validation data:
Loss Name             Train      | Valid     
----------------------------------------------
MSE                   13.316195  | 9.734905  
MSE in Void Space     0.171833   | 0.149093  
Bias Error            98.015909  | 97.891280 
Pearson Correlation   -0.024381  | -0.026854 

Executing epoch 370 / 1000 (37.0%)
--> Average epoch processing time (seconds):  77.03916
--> Back-Propagated Loss for trainning vs validation data:
Loss Name             Train      | Valid     
----------------------------------------------
MSE                   23.019699  | 11.791250 
MSE in Void Space     0.172967   | 0.150274  
Bias Error            99.528185  | 99.541761 
Pearson Correlation   -0.005858  | -0.009159 
--> New best solution for Validation dataset achieved at 375 / 1000: 8.416059285402298 (2.002611% better)

Executing epoch 380 / 1000 (38.0%)
--> Average epoch processing time (seconds):  77.037178
--> Back-Propagated Loss for trainning vs validation data:
Loss Name             Train      | Valid     
----------------------------------------------
MSE                   46.642933  | 13.452390 
MSE in Void Space     0.187492   | 0.165796  
Bias Error            105.101892 | 105.488845
Pearson Correlation   -0.147073  | -0.155775 

Executing epoch 390 / 1000 (39.0%)
--> Average epoch processing time (seconds):  77.034933
--> Back-Propagated Loss for trainning vs validation data:
Loss Name             Train      | Valid     
----------------------------------------------
MSE                   14.104676  | 10.165361 
MSE in Void Space     0.169664   | 0.150825  
Bias Error            97.979688  | 97.933595 
Pearson Correlation   0.013284   | 0.019538  

Executing epoch 400 / 1000 (40.0%)
--> Average epoch processing time (seconds):  77.035649
--> Back-Propagated Loss for trainning vs validation data:
Loss Name             Train      | Valid     
----------------------------------------------
MSE                   28.877130  | 13.782632 
MSE in Void Space     0.183916   | 0.162225  
Bias Error            107.690196 | 108.437819
Pearson Correlation   -0.047270  | -0.050583 

Executing epoch 410 / 1000 (41.0%)
--> Average epoch processing time (seconds):  77.040385
--> Back-Propagated Loss for trainning vs validation data:
Loss Name             Train      | Valid     
----------------------------------------------
MSE                   26.265051  | 9.926227  
MSE in Void Space     0.165650   | 0.147167  
Bias Error            94.060502  | 94.003226 
Pearson Correlation   0.123512   | 0.126881  

Executing epoch 420 / 1000 (42.0%)
--> Average epoch processing time (seconds):  77.048332
--> Back-Propagated Loss for trainning vs validation data:
Loss Name             Train      | Valid     
----------------------------------------------
MSE                   26.068881  | 9.990283  
MSE in Void Space     0.155295   | 0.134173  
Bias Error            87.642161  | 87.114048 
Pearson Correlation   0.317568   | 0.329510  

Executing epoch 430 / 1000 (43.0%)
--> Average epoch processing time (seconds):  77.066415
--> Back-Propagated Loss for trainning vs validation data:
Loss Name             Train      | Valid     
----------------------------------------------
MSE                   12.949524  | 9.354305  
MSE in Void Space     0.161518   | 0.142814  
Bias Error            92.471461  | 92.451303 
Pearson Correlation   0.321933   | 0.330256  

Executing epoch 440 / 1000 (44.0%)
--> Average epoch processing time (seconds):  77.079949
--> Back-Propagated Loss for trainning vs validation data:
Loss Name             Train      | Valid     
----------------------------------------------
MSE                   186.163297 | 32.398125 
MSE in Void Space     0.181039   | 0.165007  
Bias Error            100.352978 | 100.753035
Pearson Correlation   0.087610   | 0.093870  

Executing epoch 450 / 1000 (45.0%)
--> Average epoch processing time (seconds):  77.095352
--> Back-Propagated Loss for trainning vs validation data:
Loss Name             Train      | Valid     
----------------------------------------------
MSE                   41.118561  | 13.906981 
MSE in Void Space     0.179798   | 0.161323  
Bias Error            102.761760 | 102.610889
Pearson Correlation   -0.101558  | -0.101808 

Executing epoch 460 / 1000 (46.0%)
--> Average epoch processing time (seconds):  77.10686
--> Back-Propagated Loss for trainning vs validation data:
Loss Name             Train      | Valid     
----------------------------------------------
MSE                   15.481972  | 10.639442 
MSE in Void Space     0.175582   | 0.157632  
Bias Error            101.062869 | 100.970721
Pearson Correlation   -0.088951  | -0.080648 

Executing epoch 470 / 1000 (47.0%)
--> Average epoch processing time (seconds):  77.10874
--> Back-Propagated Loss for trainning vs validation data:
Loss Name             Train      | Valid     
----------------------------------------------
MSE                   166.943975 | 34.179709 
MSE in Void Space     0.181030   | 0.160217  
Bias Error            88.837351  | 88.278866 
Pearson Correlation   0.072838   | 0.073268  

Executing epoch 480 / 1000 (48.0%)
--> Average epoch processing time (seconds):  77.1113
--> Back-Propagated Loss for trainning vs validation data:
Loss Name             Train      | Valid     
----------------------------------------------
MSE                   34.485547  | 11.076020 
MSE in Void Space     0.159248   | 0.142801  
Bias Error            89.524914  | 89.624535 
Pearson Correlation   0.197102   | 0.197686  

Executing epoch 490 / 1000 (49.0%)
--> Average epoch processing time (seconds):  77.108187
--> Back-Propagated Loss for trainning vs validation data:
Loss Name             Train      | Valid     
----------------------------------------------
MSE                   33.673014  | 13.070021 
MSE in Void Space     0.177864   | 0.155063  
Bias Error            100.253500 | 100.235722
Pearson Correlation   -0.043608  | -0.058743 

Executing epoch 500 / 1000 (50.0%)
--> Average epoch processing time (seconds):  77.113431
--> Back-Propagated Loss for trainning vs validation data:
Loss Name             Train      | Valid     
----------------------------------------------
MSE                   14.534747  | 9.337294  
MSE in Void Space     0.164885   | 0.144524  
Bias Error            94.052103  | 93.625271 
Pearson Correlation   0.201044   | 0.214527  

Executing epoch 510 / 1000 (51.0%)
--> Average epoch processing time (seconds):  77.116148
--> Back-Propagated Loss for trainning vs validation data:
Loss Name             Train      | Valid     
----------------------------------------------
MSE                   16.888790  | 10.099348 
MSE in Void Space     0.165697   | 0.144374  
Bias Error            94.145805  | 93.964231 
Pearson Correlation   0.169320   | 0.168972  

Executing epoch 520 / 1000 (52.0%)
--> Average epoch processing time (seconds):  77.122807
--> Back-Propagated Loss for trainning vs validation data:
Loss Name             Train      | Valid     
----------------------------------------------
MSE                   14.140396  | 8.830640  
MSE in Void Space     0.156494   | 0.139400  
Bias Error            88.677147  | 88.845420 
Pearson Correlation   0.380876   | 0.382294  

Executing epoch 530 / 1000 (53.0%)
--> Average epoch processing time (seconds):  77.124481
--> Back-Propagated Loss for trainning vs validation data:
Loss Name             Train      | Valid     
----------------------------------------------
MSE                   11.664830  | 9.426748  
MSE in Void Space     0.167907   | 0.149567  
Bias Error            96.283429  | 96.164594 
Pearson Correlation   0.092210   | 0.093166  

Executing epoch 540 / 1000 (54.0%)
--> Average epoch processing time (seconds):  77.131834
--> Back-Propagated Loss for trainning vs validation data:
Loss Name             Train      | Valid     
----------------------------------------------
MSE                   41.526235  | 13.190051 
MSE in Void Space     0.167380   | 0.149139  
Bias Error            95.729022  | 95.693113 
Pearson Correlation   0.121493   | 0.113582  

Executing epoch 550 / 1000 (55.0%)
--> Average epoch processing time (seconds):  77.141148
--> Back-Propagated Loss for trainning vs validation data:
Loss Name             Train      | Valid     
----------------------------------------------
MSE                   20.995163  | 10.251312 
MSE in Void Space     0.162255   | 0.142104  
Bias Error            91.911739  | 91.728951 
Pearson Correlation   0.225730   | 0.212745  

Executing epoch 560 / 1000 (56.0%)
--> Average epoch processing time (seconds):  77.157768
--> Back-Propagated Loss for trainning vs validation data:
Loss Name             Train      | Valid     
----------------------------------------------
MSE                   38.912676  | 15.821620 
MSE in Void Space     0.195598   | 0.175394  
Bias Error            111.916004 | 111.754863
Pearson Correlation   -0.244449  | -0.251417 

Executing epoch 570 / 1000 (57.0%)
--> Average epoch processing time (seconds):  77.16679
--> Back-Propagated Loss for trainning vs validation data:
Loss Name             Train      | Valid     
----------------------------------------------
MSE                   58.959649  | 13.800147 
MSE in Void Space     0.149880   | 0.129298  
Bias Error            82.497182  | 81.227113 
Pearson Correlation   0.277399   | 0.305660  
Patience of 200 achieved (last update in epoch 375). Resuming training...
Ending Train ... 
Modelo PyTorch e memória associada liberados.
